$ playwright test "--grep-invert" "soak"

Running 35 tests using 3 workers

  ok  1 [setup] › e2e\auth.setup.ts:12:1 › signs in as the seeded owner and stores the session (2.9s)
  ok  3 [chromium] › e2e\marketing.spec.ts:15:3 › marketing site › serves all six programme locales (7ms)
  ok  5 [chromium] › e2e\marketing.spec.ts:20:5 › marketing site › home renders with lang="en", one h1, self canonical, hreflang alternates for six locales + x-default and no serious accessibility violations (5.2s)
  ok  2 [chromium] › e2e\app.spec.ts:26:3 › sign-in › signs in with the seeded owner, lists sites and opens the shop connection page (6.7s)
  ok  6 [chromium] › e2e\marketing.spec.ts:20:5 › marketing site › home renders with lang="de", one h1, self canonical, hreflang alternates for six locales + x-default and no serious accessibility violations (5.0s)
  x   4 [chromium] › e2e\phase6-verify.tmp.spec.ts:36:3 › phase 6 verification (temporary) › ambient layer is decorative and the document never grows: idle, 250 messages, state changes (11.8s)
  ok  8 [chromium] › e2e\marketing.spec.ts:20:5 › marketing site › home renders with lang="fr", one h1, self canonical, hreflang alternates for six locales + x-default and no serious accessibility violations (4.2s)
  ok  7 [chromium] › e2e\app.spec.ts:43:3 › dashboard › the module pages render one h1 each inside the shell for the signed-in owner (8.6s)
  ok 11 [chromium] › e2e\app.spec.ts:65:3 › dashboard › redirects the renamed dashboard paths permanently (198ms)
  ok 12 [chromium] › e2e\app.spec.ts:81:3 › alerts & incident mode › renders /app/settings/alerts with Incident Mode, channels, rules and an honest history state (1.1s)
  ok 10 [chromium] › e2e\marketing.spec.ts:20:5 › marketing site › home renders with lang="es", one h1, self canonical, hreflang alternates for six locales + x-default and no serious accessibility violations (3.6s)
  ok  9 [chromium] › e2e\phase6-verify.tmp.spec.ts:73:3 › phase 6 verification (temporary) › prefers-reduced-motion: static tier and zero requestAnimationFrame activity over 3 s (5.9s)
  ok 13 [chromium] › e2e\app.spec.ts:109:3 › alerts & incident mode › creates a webhook channel and a rule with a plain-language preview, then removes both (3.8s)
  ok 14 [chromium] › e2e\marketing.spec.ts:20:5 › marketing site › home renders with lang="it", one h1, self canonical, hreflang alternates for six locales + x-default and no serious accessibility violations (5.8s)
  ok 17 [chromium] › e2e\marketing.spec.ts:20:5 › marketing site › home renders with lang="nl", one h1, self canonical, hreflang alternates for six locales + x-default and no serious accessibility violations (3.4s)
  ok 18 [chromium] › e2e\marketing.spec.ts:36:3 › marketing site › unprefixed URLs redirect permanently to English and keep the query string (68ms)
  ok 15 [chromium] › e2e\phase6-verify.tmp.spec.ts:87:3 › phase 6 verification (temporary) › preference off: static tier and zero requestAnimationFrame activity over 3 s (7.8s)
  ok 20 [chromium] › e2e\phase6-verify.tmp.spec.ts:109:3 › phase 6 verification (temporary) › mobile bottom sheet keeps the composer keyboard-safe (1.0s)
  ok 19 [chromium] › e2e\marketing.spec.ts:53:3 › marketing site › the language switcher leads to the same page in the other language (2.0s)
  ok 21 [chromium] › e2e\phase6-verify.tmp.spec.ts:131:3 › phase 6 verification (temporary) › off-topic message through the real chat endpoint: refusal shape, ≤ 3 quick actions, no tool activity (2.7s)
  x  16 [chromium] › e2e\app.spec.ts:154:3 › alerts & incident mode › saves the per-user AI motion preference and exposes it on the dashboard root (11.0s)
  ok 22 [chromium] › e2e\marketing.spec.ts:69:3 › marketing site › Tracking Knowledge index lists articles and an article renders with the article template, BlogPosting/TechArticle + BreadcrumbList JSON-LD and a large social card (5.0s)
  ok 25 [chromium] › e2e\marketing.spec.ts:116:3 › marketing site › old blog URLs redirect permanently and directly to Tracking Knowledge, query string included (149ms)
  ok 23 [chromium] › e2e\phase6-verify.tmp.spec.ts:177:5 › phase 6 verification (temporary) › axe serious/critical on /app with the panel open (3.5s)
  ok 26 [chromium] › e2e\marketing.spec.ts:134:3 › marketing site › pricing never shows invented amounts: either Stripe prices or the honest empty state (1.4s)
  ok 24 [chromium] › e2e\app.spec.ts:181:3 › viewport-fixed shell › keeps the document at viewport height with independent scroll areas and the Track AI panel docked on desktop (4.0s)
  ok 28 [chromium] › e2e\marketing.spec.ts:143:3 › marketing site › legal pages carry the operator identity from the environment or state that it is missing (2.2s)
  ok 30 [chromium] › e2e\marketing.spec.ts:149:3 › marketing site › the sitemap index points to a pages and a knowledge sitemap per locale (1.1s)
  ok 27 [chromium] › e2e\phase6-verify.tmp.spec.ts:177:5 › phase 6 verification (temporary) › axe serious/critical on /app/ai-setup with the panel open (5.1s)
  ok 29 [chromium] › e2e\app.spec.ts:241:3 › viewport-fixed shell › opens the command palette with Ctrl+K and navigates (2.5s)
  ok 31 [chromium] › e2e\app.spec.ts:252:3 › viewport-fixed shell › shows the launcher in the safe area and a full-height bottom sheet on mobile (807ms)
  x  32 [chromium] › e2e\app.spec.ts:281:3 › Track AI panel › keeps the shell exactly viewport-high with a 250-message conversation and windows the list (5.8s)
  x  33 [chromium] › e2e\app.spec.ts:322:3 › Track AI panel › motion preference off produces no animated frame: the core reports the static tier (936ms)
  x  34 [chromium] › e2e\app.spec.ts:363:3 › Track AI panel › prefers-reduced-motion renders the static tier from the server on, without an animation flash (5.8s)
  ok 35 [chromium] › e2e\app.spec.ts:381:3 › Track AI panel › exposes the activity live region, the motion state and the setup workspace targets (661ms)


  1) [chromium] › e2e\app.spec.ts:154:3 › alerts & incident mode › saves the per-user AI motion preference and exposes it on the dashboard root 

    Error: expect(locator).toHaveAttribute(expected) failed

    Locator:  locator('html')
    Expected: "reduced"
    Received: "off"
    Timeout:  5000ms

    Call log:
      - Expect "toHaveAttribute" with timeout 5000ms
      - waiting for locator('html')
        13 × locator resolved to <html lang="en" data-dashboard="" data-ai-motion="off" class="inter_53306514-module__RhhyCa__variable bricolage_grotesque_d8c0c89-module__VtKkiG__variable">…</html>
           - unexpected value "off"


      162 |     await expect(form.getByText("Motion setting saved.")).toBeVisible();
      163 |     await page.reload();
    > 164 |     await expect(page.locator("html")).toHaveAttribute("data-ai-motion", "reduced");
          |                                        ^
      165 |     await expect(
      166 |       page.getByTestId("ai-motion-form").getByLabel("Reduced", { exact: true }),
      167 |     ).toBeChecked();
        at C:\Users\Soheil\Downloads\track.site\apps\web\e2e\app.spec.ts:164:40

    Error Context: test-results\app-alerts-incident-mode-s-8efeb-es-it-on-the-dashboard-root-chromium\error-context.md

    attachment #2: trace (application/zip) ─────────────────────────────────────────────────────────
    test-results\app-alerts-incident-mode-s-8efeb-es-it-on-the-dashboard-root-chromium\trace.zip
    Usage:

        pnpm exec playwright show-trace test-results\app-alerts-incident-mode-s-8efeb-es-it-on-the-dashboard-root-chromium\trace.zip

    ────────────────────────────────────────────────────────────────────────────────────────────────

  2) [chromium] › e2e\app.spec.ts:281:3 › Track AI panel › keeps the shell exactly viewport-high with a 250-message conversation and windows the list 

    Error: expect(locator).toHaveAttribute(expected) failed

    Locator:  getByTestId('assistant-messages')
    Expected: "250"
    Received: "4"
    Timeout:  5000ms

    Call log:
      - Expect "toHaveAttribute" with timeout 5000ms
      - waiting for getByTestId('assistant-messages')
        2 × locator resolved to <div data-total="0" aria-busy="true" data-rendered="0" data-virtualized="false" data-testid="assistant-messages" class="relative h-full overflow-y-auto overscroll-contain px-4 pt-4">…</div>
          - unexpected value "0"
        11 × locator resolved to <div data-total="4" data-rendered="4" data-virtualized="false" data-testid="assistant-messages" class="relative h-full overflow-y-auto overscroll-contain px-4 pt-4">…</div>
           - unexpected value "4"


      286 |     await page.goto("/app?ai_fixture=long-conversation");
      287 |     const list = page.getByTestId("assistant-messages");
    > 288 |     await expect(list).toHaveAttribute("data-total", "250");
          |                        ^
      289 |     await expect(list).toHaveAttribute("data-virtualized", "true");
      290 |     const metrics = await page.evaluate(() => {
      291 |       const el = document.querySelector<HTMLElement>('[data-testid="assistant-messages"]')!;
        at C:\Users\Soheil\Downloads\track.site\apps\web\e2e\app.spec.ts:288:24

    Error Context: test-results\app-Track-AI-panel-keeps-t-5ed20-sation-and-windows-the-list-chromium\error-context.md

    attachment #2: trace (application/zip) ─────────────────────────────────────────────────────────
    test-results\app-Track-AI-panel-keeps-t-5ed20-sation-and-windows-the-list-chromium\trace.zip
    Usage:

        pnpm exec playwright show-trace test-results\app-Track-AI-panel-keeps-t-5ed20-sation-and-windows-the-list-chromium\trace.zip

    ────────────────────────────────────────────────────────────────────────────────────────────────

  3) [chromium] › e2e\app.spec.ts:322:3 › Track AI panel › motion preference off produces no animated frame: the core reports the static tier 

    Error: Attempting to serialize unexpected value: () => document.getAnimations().filter(a => {
      var _a$effect;
      const target = (_a$effect = a.effect) === null || _a$effect === void 0 ? void 0 : _a$effect.target;
      return target instanceof Element && target.closest(".lac") !== null;
    }).length

      339 |     await expect(core).toHaveAttribute("data-tier", "static");
      340 |     await expect(core).toHaveAttribute("data-pref", "off");
    > 341 |     const frames = await page.evaluate((count) => {
          |                               ^
      342 |       const blobs = Array.from(document.querySelectorAll<HTMLElement>(".lac-blob > i"));
      343 |       return {
      344 |         canvas: document.querySelector("canvas.lac-gl") !== null,
        at C:\Users\Soheil\Downloads\track.site\apps\web\e2e\app.spec.ts:341:31

    Error Context: test-results\app-Track-AI-panel-motion--e188e-ore-reports-the-static-tier-chromium\error-context.md

    attachment #2: trace (application/zip) ─────────────────────────────────────────────────────────
    test-results\app-Track-AI-panel-motion--e188e-ore-reports-the-static-tier-chromium\trace.zip
    Usage:

        pnpm exec playwright show-trace test-results\app-Track-AI-panel-motion--e188e-ore-reports-the-static-tier-chromium\trace.zip

    ────────────────────────────────────────────────────────────────────────────────────────────────

  4) [chromium] › e2e\app.spec.ts:363:3 › Track AI panel › prefers-reduced-motion renders the static tier from the server on, without an animation flash 

    Error: expect(locator).toHaveAttribute(expected) failed

    Locator:  getByTestId('living-ai-core')
    Expected: "system"
    Received: "off"
    Timeout:  5000ms

    Call log:
      - Expect "toHaveAttribute" with timeout 5000ms
      - waiting for getByTestId('living-ai-core')
        14 × locator resolved to <div class="lac" data-pref="off" data-state="idle" data-tier="static" data-mode="docked" aria-hidden="true" data-motion="essential" data-testid="living-ai-core">…</div>
           - unexpected value "off"


      369 |     const core = page.getByTestId("living-ai-core");
      370 |     await expect(core).toHaveAttribute("data-tier", "static");
    > 371 |     await expect(core).toHaveAttribute("data-pref", "system");
          |                        ^
      372 |     await expect(core).toHaveAttribute("data-state", "idle");
      373 |     expect(await page.evaluate(coreAnimations)).toBe(0);
      374 |     expect(await page.locator("canvas.lac-gl").count()).toBe(0);
        at C:\Users\Soheil\Downloads\track.site\apps\web\e2e\app.spec.ts:371:24

    Error Context: test-results\app-Track-AI-panel-prefers-d9d64--without-an-animation-flash-chromium\error-context.md

    attachment #2: trace (application/zip) ─────────────────────────────────────────────────────────
    test-results\app-Track-AI-panel-prefers-d9d64--without-an-animation-flash-chromium\trace.zip
    Usage:

        pnpm exec playwright show-trace test-results\app-Track-AI-panel-prefers-d9d64--without-an-animation-flash-chromium\trace.zip

    ────────────────────────────────────────────────────────────────────────────────────────────────

  5) [chromium] › e2e\phase6-verify.tmp.spec.ts:36:3 › phase 6 verification (temporary) › ambient layer is decorative and the document never grows: idle, 250 messages, state changes 

    Error: expect(locator).toHaveAttribute(expected) failed

    Locator:  getByTestId('assistant-messages')
    Expected: "250"
    Received: "0"
    Timeout:  5000ms

    Call log:
      - Expect "toHaveAttribute" with timeout 5000ms
      - waiting for getByTestId('assistant-messages')
        14 × locator resolved to <div data-total="0" data-rendered="0" data-virtualized="false" data-testid="assistant-messages" class="relative h-full overflow-y-auto overscroll-contain px-4 pt-4">…</div>
           - unexpected value "0"


      51 |     await page.goto("/app?ai_fixture=long-conversation");
      52 |     const list = page.getByTestId("assistant-messages");
    > 53 |     await expect(list).toHaveAttribute("data-total", "250");
         |                        ^
      54 |     expect(await page.evaluate(documentFits)).toBe(true);
      55 |
      56 |     // state changes: no state fixture exists, so the states are driven by real interactions
        at C:\Users\Soheil\Downloads\track.site\apps\web\e2e\phase6-verify.tmp.spec.ts:53:24

    Error Context: test-results\phase6-verify.tmp-phase-6--09d22--250-messages-state-changes-chromium\error-context.md

    attachment #2: trace (application/zip) ─────────────────────────────────────────────────────────
    test-results\phase6-verify.tmp-phase-6--09d22--250-messages-state-changes-chromium\trace.zip
    Usage:

        pnpm exec playwright show-trace test-results\phase6-verify.tmp-phase-6--09d22--250-messages-state-changes-chromium\trace.zip

    ────────────────────────────────────────────────────────────────────────────────────────────────

  5 failed
    [chromium] › e2e\app.spec.ts:154:3 › alerts & incident mode › saves the per-user AI motion preference and exposes it on the dashboard root 
    [chromium] › e2e\app.spec.ts:281:3 › Track AI panel › keeps the shell exactly viewport-high with a 250-message conversation and windows the list 
    [chromium] › e2e\app.spec.ts:322:3 › Track AI panel › motion preference off produces no animated frame: the core reports the static tier 
    [chromium] › e2e\app.spec.ts:363:3 › Track AI panel › prefers-reduced-motion renders the static tier from the server on, without an animation flash 
    [chromium] › e2e\phase6-verify.tmp.spec.ts:36:3 › phase 6 verification (temporary) › ambient layer is decorative and the document never grows: idle, 250 messages, state changes 
  30 passed (1.1m)
C:\Users\Soheil\Downloads\track.site\apps\web:
[ERR_PNPM_RECURSIVE_RUN_FIRST_FAIL] @track-site/web@0.1.0 test:e2e: `playwright test "--grep-invert" "soak"`
Exit status 1
exit=1
