
Running 39 tests using 1 worker

  ok  1 [xb-func-chromium] › e2e\app-xb.tmp.spec.ts:49:3 › sign-in › signs in with the seeded owner, lists sites and opens the shop connection page (5.6s)
  ok  2 [xb-func-chromium] › e2e\app-xb.tmp.spec.ts:66:3 › dashboard › the module pages render one h1 each inside the shell for the signed-in owner (10.1s)
  ok  3 [xb-func-chromium] › e2e\app-xb.tmp.spec.ts:88:3 › dashboard › redirects the renamed dashboard paths permanently (146ms)
  ok  4 [xb-func-chromium] › e2e\app-xb.tmp.spec.ts:104:3 › alerts & incident mode › renders /app/settings/alerts with Incident Mode, channels, rules and an honest history state (744ms)
  ok  5 [xb-func-chromium] › e2e\app-xb.tmp.spec.ts:132:3 › alerts & incident mode › creates a webhook channel and a rule with a plain-language preview, then removes both (2.4s)
  ok  6 [xb-func-chromium] › e2e\app-xb.tmp.spec.ts:177:3 › alerts & incident mode › saves the per-user AI motion preference and exposes it on the dashboard root (1.4s)
  ok  7 [xb-func-chromium] › e2e\app-xb.tmp.spec.ts:204:3 › viewport-fixed shell › keeps the document at viewport height with independent scroll areas and the Track AI panel docked on desktop (1.3s)
  ok  8 [xb-func-chromium] › e2e\app-xb.tmp.spec.ts:264:3 › viewport-fixed shell › opens the command palette with Ctrl+K and navigates (706ms)
  ok  9 [xb-func-chromium] › e2e\app-xb.tmp.spec.ts:275:3 › viewport-fixed shell › shows the launcher in the safe area and a full-height bottom sheet on mobile (766ms)
  ok 10 [xb-func-chromium] › e2e\app-xb.tmp.spec.ts:301:5 › responsive header › at 320 px the shell is exactly viewport-wide and the site switcher, the Track AI launcher and the account menu stay inside it (546ms)
  ok 11 [xb-func-chromium] › e2e\app-xb.tmp.spec.ts:301:5 › responsive header › at 375 px the shell is exactly viewport-wide and the site switcher, the Track AI launcher and the account menu stay inside it (512ms)
  ok 12 [xb-func-chromium] › e2e\app-xb.tmp.spec.ts:301:5 › responsive header › at 768 px the shell is exactly viewport-wide and the site switcher, the Track AI launcher and the account menu stay inside it (590ms)
  ok 13 [xb-func-chromium] › e2e\app-xb.tmp.spec.ts:336:3 › responsive header › below `sm` the command palette opens from the navigation drawer (598ms)
  ok 14 [xb-func-chromium] › e2e\app-xb.tmp.spec.ts:348:3 › keyboard focus in the header › the workspace switcher triggers and the account menu render a visible focus ring (964ms)
  ok 15 [xb-func-chromium] › e2e\app-xb.tmp.spec.ts:383:3 › Track AI panel › keeps the shell exactly viewport-high with a 250-message conversation and windows the list (1.2s)
  ok 16 [xb-func-chromium] › e2e\app-xb.tmp.spec.ts:424:3 › Track AI panel › motion preference off produces no animated frame: the core reports the static tier (1.2s)
  ok 17 [xb-func-chromium] › e2e\app-xb.tmp.spec.ts:471:3 › Track AI panel › prefers-reduced-motion renders the static tier from the server on, without an animation flash (727ms)
  ok 18 [xb-func-chromium] › e2e\app-xb.tmp.spec.ts:489:3 › Track AI panel › exposes the activity live region, the motion state and the setup workspace targets (801ms)
  ok 19 [xb-func-chromium] › e2e\marketing-xb.tmp.spec.ts:38:3 › marketing site › serves all six programme locales (16ms)
  ok 20 [xb-func-chromium] › e2e\marketing-xb.tmp.spec.ts:43:5 › marketing site › home renders with lang="en", one h1, self canonical, hreflang alternates for six locales + x-default and no serious accessibility violations (2.5s)
  ok 21 [xb-func-chromium] › e2e\marketing-xb.tmp.spec.ts:43:5 › marketing site › home renders with lang="de", one h1, self canonical, hreflang alternates for six locales + x-default and no serious accessibility violations (2.2s)
  ok 22 [xb-func-chromium] › e2e\marketing-xb.tmp.spec.ts:43:5 › marketing site › home renders with lang="fr", one h1, self canonical, hreflang alternates for six locales + x-default and no serious accessibility violations (2.2s)
  ok 23 [xb-func-chromium] › e2e\marketing-xb.tmp.spec.ts:43:5 › marketing site › home renders with lang="es", one h1, self canonical, hreflang alternates for six locales + x-default and no serious accessibility violations (2.0s)
  ok 24 [xb-func-chromium] › e2e\marketing-xb.tmp.spec.ts:43:5 › marketing site › home renders with lang="it", one h1, self canonical, hreflang alternates for six locales + x-default and no serious accessibility violations (2.0s)
  ok 25 [xb-func-chromium] › e2e\marketing-xb.tmp.spec.ts:43:5 › marketing site › home renders with lang="nl", one h1, self canonical, hreflang alternates for six locales + x-default and no serious accessibility violations (2.1s)
  ok 26 [xb-func-chromium] › e2e\marketing-xb.tmp.spec.ts:73:7 › marketing site › responsive layout › /fr at 320 px: no horizontal page scroll, heading and CTA inside the viewport, demo content inside its frame (498ms)
  ok 27 [xb-func-chromium] › e2e\marketing-xb.tmp.spec.ts:73:7 › marketing site › responsive layout › /en at 1024 px: no horizontal page scroll, heading and CTA inside the viewport, demo content inside its frame (593ms)
  ok 28 [xb-func-chromium] › e2e\marketing-xb.tmp.spec.ts:73:7 › marketing site › responsive layout › /nl at 1024 px: no horizontal page scroll, heading and CTA inside the viewport, demo content inside its frame (636ms)
  ok 29 [xb-func-chromium] › e2e\marketing-xb.tmp.spec.ts:73:7 › marketing site › responsive layout › /en at 1280 px: no horizontal page scroll, heading and CTA inside the viewport, demo content inside its frame (603ms)
  ok 30 [xb-func-chromium] › e2e\marketing-xb.tmp.spec.ts:73:7 › marketing site › responsive layout › /fr/pricing at 320 px: no horizontal page scroll, heading and CTA inside the viewport, demo content inside its frame (498ms)
  ok 31 [xb-func-chromium] › e2e\marketing-xb.tmp.spec.ts:73:7 › marketing site › responsive layout › /de/pricing at 768 px: no horizontal page scroll, heading and CTA inside the viewport, demo content inside its frame (489ms)
  ok 32 [xb-func-chromium] › e2e\marketing-xb.tmp.spec.ts:73:7 › marketing site › responsive layout › /nl/pricing at 1024 px: no horizontal page scroll, heading and CTA inside the viewport, demo content inside its frame (496ms)
  ok 33 [xb-func-chromium] › e2e\marketing-xb.tmp.spec.ts:116:3 › marketing site › unprefixed URLs redirect permanently to English and keep the query string (44ms)
  ok 34 [xb-func-chromium] › e2e\marketing-xb.tmp.spec.ts:133:3 › marketing site › the language switcher leads to the same page in the other language (1.4s)
  ok 35 [xb-func-chromium] › e2e\marketing-xb.tmp.spec.ts:149:3 › marketing site › Tracking Knowledge index lists articles and an article renders with the article template, BlogPosting/TechArticle + BreadcrumbList JSON-LD and a large social card (2.1s)
  ok 36 [xb-func-chromium] › e2e\marketing-xb.tmp.spec.ts:197:3 › marketing site › old blog URLs redirect permanently and directly to Tracking Knowledge, query string included (42ms)
  ok 37 [xb-func-chromium] › e2e\marketing-xb.tmp.spec.ts:215:3 › marketing site › pricing never shows invented amounts: either Stripe prices or the honest empty state (430ms)
  ok 38 [xb-func-chromium] › e2e\marketing-xb.tmp.spec.ts:224:3 › marketing site › legal pages carry the operator identity from the environment or state that it is missing (283ms)
  ok 39 [xb-func-chromium] › e2e\marketing-xb.tmp.spec.ts:230:3 › marketing site › the sitemap index points to a pages and a knowledge sitemap per locale (104ms)

  39 passed (53.3s)
exit=0
