
Running 42 tests using 3 workers

  ok  1 [setup] › e2e\auth.setup.ts:12:1 › signs in as the seeded owner and stores the session (2.4s)
  ok  4 [webkit] › e2e\marketing.spec.ts:15:3 › marketing site › serves all six programme locales (8ms)
  ok  5 [webkit] › e2e\marketing.spec.ts:20:5 › marketing site › home renders with lang="en", one h1, self canonical, hreflang alternates for six locales + x-default and no serious accessibility violations (3.6s)
  x   3 [webkit] › e2e\e3-probe.tmp.spec.ts:5:1 › probe: mobile sheet under a shrinking viewport (6.3s)
  ok  6 [webkit] › e2e\marketing.spec.ts:20:5 › marketing site › home renders with lang="de", one h1, self canonical, hreflang alternates for six locales + x-default and no serious accessibility violations (2.9s)
sites []
checked []
  ok  8 [webkit] › e2e\e3-probe.tmp.spec.ts:58:1 › probe: seeded sites in the workspace switcher (1.3s)
  ok  7 [webkit] › e2e\marketing.spec.ts:20:5 › marketing site › home renders with lang="fr", one h1, self canonical, hreflang alternates for six locales + x-default and no serious accessibility violations (3.5s)
  ok  9 [webkit] › e2e\marketing.spec.ts:20:5 › marketing site › home renders with lang="es", one h1, self canonical, hreflang alternates for six locales + x-default and no serious accessibility violations (3.1s)
  ok 10 [webkit] › e2e\marketing.spec.ts:20:5 › marketing site › home renders with lang="it", one h1, self canonical, hreflang alternates for six locales + x-default and no serious accessibility violations (2.8s)
  ok 11 [webkit] › e2e\marketing.spec.ts:20:5 › marketing site › home renders with lang="nl", one h1, self canonical, hreflang alternates for six locales + x-default and no serious accessibility violations (2.9s)
  x  12 [webkit] › e2e\marketing.spec.ts:50:7 › marketing site › responsive layout › /fr at 320 px: no horizontal page scroll, heading and CTA inside the viewport, demo content inside its frame (732ms)
  x  13 [webkit] › e2e\marketing.spec.ts:50:7 › marketing site › responsive layout › /en at 1024 px: no horizontal page scroll, heading and CTA inside the viewport, demo content inside its frame (747ms)
  x  14 [webkit] › e2e\marketing.spec.ts:50:7 › marketing site › responsive layout › /nl at 1024 px: no horizontal page scroll, heading and CTA inside the viewport, demo content inside its frame (820ms)
  ok 15 [webkit] › e2e\marketing.spec.ts:50:7 › marketing site › responsive layout › /en at 1280 px: no horizontal page scroll, heading and CTA inside the viewport, demo content inside its frame (892ms)
  x  16 [webkit] › e2e\marketing.spec.ts:50:7 › marketing site › responsive layout › /fr/pricing at 320 px: no horizontal page scroll, heading and CTA inside the viewport, demo content inside its frame (796ms)
  x  17 [webkit] › e2e\marketing.spec.ts:50:7 › marketing site › responsive layout › /de/pricing at 768 px: no horizontal page scroll, heading and CTA inside the viewport, demo content inside its frame (870ms)
  x  18 [webkit] › e2e\marketing.spec.ts:50:7 › marketing site › responsive layout › /nl/pricing at 1024 px: no horizontal page scroll, heading and CTA inside the viewport, demo content inside its frame (863ms)
  ok 19 [webkit] › e2e\marketing.spec.ts:93:3 › marketing site › unprefixed URLs redirect permanently to English and keep the query string (61ms)
  x   2 [webkit] › e2e\app.spec.ts:26:3 › sign-in › signs in with the seeded owner, lists sites and opens the shop connection page (1.0m)
  ok 21 [webkit] › e2e\app.spec.ts:43:3 › dashboard › the module pages render one h1 each inside the shell for the signed-in owner (16.4s)
  ok 22 [webkit] › e2e\app.spec.ts:65:3 › dashboard › redirects the renamed dashboard paths permanently (582ms)
  ok 23 [webkit] › e2e\app.spec.ts:81:3 › alerts & incident mode › renders /app/settings/alerts with Incident Mode, channels, rules and an honest history state (2.0s)
  x  24 [webkit] › e2e\app.spec.ts:109:3 › alerts & incident mode › creates a webhook channel and a rule with a plain-language preview, then removes both (6.6s)
  x  20 [webkit] › e2e\marketing.spec.ts:110:3 › marketing site › the language switcher leads to the same page in the other language (1.0m)
  x  25 [webkit] › e2e\app.spec.ts:154:3 › alerts & incident mode › saves the per-user AI motion preference and exposes it on the dashboard root (9.5s)
  x  26 [webkit] › e2e\marketing.spec.ts:126:3 › marketing site › Tracking Knowledge index lists articles and an article renders with the article template, BlogPosting/TechArticle + BreadcrumbList JSON-LD and a large social card (8.5s)
  ok 28 [webkit] › e2e\marketing.spec.ts:174:3 › marketing site › old blog URLs redirect permanently and directly to Tracking Knowledge, query string included (187ms)
  x  27 [webkit] › e2e\app.spec.ts:181:3 › viewport-fixed shell › keeps the document at viewport height with independent scroll areas and the Track AI panel docked on desktop (2.0s)
  ok 29 [webkit] › e2e\marketing.spec.ts:192:3 › marketing site › pricing never shows invented amounts: either Stripe prices or the honest empty state (1.9s)
  ok 31 [webkit] › e2e\marketing.spec.ts:201:3 › marketing site › legal pages carry the operator identity from the environment or state that it is missing (2.0s)
  ok 32 [webkit] › e2e\marketing.spec.ts:207:3 › marketing site › the sitemap index points to a pages and a knowledge sitemap per locale (287ms)
  x  30 [webkit] › e2e\app.spec.ts:241:3 › viewport-fixed shell › opens the command palette with Ctrl+K and navigates (7.0s)
  x  33 [webkit] › e2e\app.spec.ts:252:3 › viewport-fixed shell › shows the launcher in the safe area and a full-height bottom sheet on mobile (6.1s)
  x  34 [webkit] › e2e\app.spec.ts:278:5 › responsive header › at 320 px the shell is exactly viewport-wide and the site switcher, the Track AI launcher and the account menu stay inside it (996ms)
  x  35 [webkit] › e2e\app.spec.ts:278:5 › responsive header › at 375 px the shell is exactly viewport-wide and the site switcher, the Track AI launcher and the account menu stay inside it (961ms)
  ok 36 [webkit] › e2e\app.spec.ts:278:5 › responsive header › at 768 px the shell is exactly viewport-wide and the site switcher, the Track AI launcher and the account menu stay inside it (1.1s)
  x  37 [webkit] › e2e\app.spec.ts:313:3 › responsive header › below `sm` the command palette opens from the navigation drawer (1.0m)
  ok 38 [webkit] › e2e\app.spec.ts:325:3 › keyboard focus in the header › the workspace switcher triggers and the account menu render a visible focus ring (2.3s)
  x  39 [webkit] › e2e\app.spec.ts:360:3 › Track AI panel › keeps the shell exactly viewport-high with a 250-message conversation and windows the list (6.7s)
  x  40 [webkit] › e2e\app.spec.ts:401:3 › Track AI panel › motion preference off produces no animated frame: the core reports the static tier (6.3s)
  ok 41 [webkit] › e2e\app.spec.ts:448:3 › Track AI panel › prefers-reduced-motion renders the static tier from the server on, without an animation flash (1.1s)
  x  42 [webkit] › e2e\app.spec.ts:466:3 › Track AI panel › exposes the activity live region, the motion state and the setup workspace targets (6.1s)


  1) [webkit] › e2e\app.spec.ts:26:3 › sign-in › signs in with the seeded owner, lists sites and opens the shop connection page 

    Test timeout of 60000ms exceeded.

    Error: page.waitForURL: Test timeout of 60000ms exceeded.
    =========================== logs ===========================
    waiting for navigation until "load"
    ============================================================

      15 |   await page.locator("input[name=password]").fill(password);
      16 |   await page.locator("form button[type=submit]").first().click();
    > 17 |   await page.waitForURL(/\/app/);
         |              ^
      18 | }
      19 |
      20 | // All other dashboard tests start from the session stored by e2e/auth.setup.ts (see playwright.config.ts):
        at signIn (C:\Users\Soheil\Downloads\track.site\apps\web\e2e\app.spec.ts:17:14)
        at C:\Users\Soheil\Downloads\track.site\apps\web\e2e\app.spec.ts:29:5

    Error Context: test-results\app-sign-in-signs-in-with--e6ed7-ns-the-shop-connection-page-webkit\error-context.md

    attachment #2: trace (application/zip) ─────────────────────────────────────────────────────────
    test-results\app-sign-in-signs-in-with--e6ed7-ns-the-shop-connection-page-webkit\trace.zip
    Usage:

        pnpm exec playwright show-trace test-results\app-sign-in-signs-in-with--e6ed7-ns-the-shop-connection-page-webkit\trace.zip

    ────────────────────────────────────────────────────────────────────────────────────────────────

  2) [webkit] › e2e\app.spec.ts:109:3 › alerts & incident mode › creates a webhook channel and a rule with a plain-language preview, then removes both 

    Error: expect(locator).toBeVisible() failed

    Locator: getByTestId('channel-form')
    Expected: visible
    Timeout: 5000ms
    Error: element(s) not found

    Call log:
      - Expect "toBeVisible" with timeout 5000ms
      - waiting for getByTestId('channel-form')


      117 |     await page.getByTestId("channel-add").click();
      118 |     const channelForm = page.getByTestId("channel-form");
    > 119 |     await expect(channelForm).toBeVisible();
          |                               ^
      120 |     await channelForm.locator("select[name=kind]").selectOption("webhook");
      121 |     await channelForm.locator("input[name=name]").fill(channelName);
      122 |     await channelForm.locator("input[name=target]").fill("https://example.com/track-alerts");
        at C:\Users\Soheil\Downloads\track.site\apps\web\e2e\app.spec.ts:119:31

    Error Context: test-results\app-alerts-incident-mode-c-34b4f-e-preview-then-removes-both-webkit\error-context.md

    attachment #2: trace (application/zip) ─────────────────────────────────────────────────────────
    test-results\app-alerts-incident-mode-c-34b4f-e-preview-then-removes-both-webkit\trace.zip
    Usage:

        pnpm exec playwright show-trace test-results\app-alerts-incident-mode-c-34b4f-e-preview-then-removes-both-webkit\trace.zip

    ────────────────────────────────────────────────────────────────────────────────────────────────

  3) [webkit] › e2e\app.spec.ts:154:3 › alerts & incident mode › saves the per-user AI motion preference and exposes it on the dashboard root 

    Error: expect(locator).toBeVisible() failed

    Locator: getByTestId('ai-motion-form').getByText('Motion setting saved.')
    Expected: visible
    Timeout: 5000ms
    Error: element(s) not found

    Call log:
      - Expect "toBeVisible" with timeout 5000ms
      - waiting for getByTestId('ai-motion-form').getByText('Motion setting saved.')


      160 |     await form.getByLabel("Reduced", { exact: true }).check();
      161 |     await form.getByRole("button", { name: "Save motion setting" }).click();
    > 162 |     await expect(form.getByText("Motion setting saved.")).toBeVisible();
          |                                                           ^
      163 |     await page.reload();
      164 |     await expect(page.locator("html")).toHaveAttribute("data-ai-motion", "reduced");
      165 |     await expect(
        at C:\Users\Soheil\Downloads\track.site\apps\web\e2e\app.spec.ts:162:59

    Error Context: test-results\app-alerts-incident-mode-s-8efeb-es-it-on-the-dashboard-root-webkit\error-context.md

    attachment #2: trace (application/zip) ─────────────────────────────────────────────────────────
    test-results\app-alerts-incident-mode-s-8efeb-es-it-on-the-dashboard-root-webkit\trace.zip
    Usage:

        pnpm exec playwright show-trace test-results\app-alerts-incident-mode-s-8efeb-es-it-on-the-dashboard-root-webkit\trace.zip

    ────────────────────────────────────────────────────────────────────────────────────────────────

  4) [webkit] › e2e\app.spec.ts:181:3 › viewport-fixed shell › keeps the document at viewport height with independent scroll areas and the Track AI panel docked on desktop 

    Error: expect(received).toEqual(expected) // deep equality

    - Expected  - 3
    + Received  + 3

      Array [
    -   "hidden",
    -   "hidden",
    -   true,
    +   "visible",
    +   "visible",
    +   false,
      ]

      190 |       document.documentElement.scrollHeight <= window.innerHeight + 1,
      191 |     ]);
    > 192 |     expect(overflow).toEqual(["hidden", "hidden", true]);
          |                      ^
      193 |     const main = page.getByTestId("app-main");
      194 |     await expect(main).toHaveCSS("overflow-y", "auto");
      195 |     // task-oriented navigation
        at C:\Users\Soheil\Downloads\track.site\apps\web\e2e\app.spec.ts:192:22

    Error Context: test-results\app-viewport-fixed-shell-k-0ec95--AI-panel-docked-on-desktop-webkit\error-context.md

    attachment #2: trace (application/zip) ─────────────────────────────────────────────────────────
    test-results\app-viewport-fixed-shell-k-0ec95--AI-panel-docked-on-desktop-webkit\trace.zip
    Usage:

        pnpm exec playwright show-trace test-results\app-viewport-fixed-shell-k-0ec95--AI-panel-docked-on-desktop-webkit\trace.zip

    ────────────────────────────────────────────────────────────────────────────────────────────────

  5) [webkit] › e2e\app.spec.ts:241:3 › viewport-fixed shell › opens the command palette with Ctrl+K and navigates 

    Error: expect(locator).toBeVisible() failed

    Locator: getByRole('dialog', { name: 'Command palette' })
    Expected: visible
    Timeout: 5000ms
    Error: element(s) not found

    Call log:
      - Expect "toBeVisible" with timeout 5000ms
      - waiting for getByRole('dialog', { name: 'Command palette' })


      244 |     await page.keyboard.press("Control+k");
      245 |     const dialog = page.getByRole("dialog", { name: "Command palette" });
    > 246 |     await expect(dialog).toBeVisible();
          |                          ^
      247 |     await dialog.getByPlaceholder("Type a command or search…").fill("Destinations");
      248 |     await page.keyboard.press("Enter");
      249 |     await page.waitForURL(/\/app\/destinations/);
        at C:\Users\Soheil\Downloads\track.site\apps\web\e2e\app.spec.ts:246:26

    Error Context: test-results\app-viewport-fixed-shell-o-d79ed-e-with-Ctrl-K-and-navigates-webkit\error-context.md

    attachment #2: trace (application/zip) ─────────────────────────────────────────────────────────
    test-results\app-viewport-fixed-shell-o-d79ed-e-with-Ctrl-K-and-navigates-webkit\trace.zip
    Usage:

        pnpm exec playwright show-trace test-results\app-viewport-fixed-shell-o-d79ed-e-with-Ctrl-K-and-navigates-webkit\trace.zip

    ────────────────────────────────────────────────────────────────────────────────────────────────

  6) [webkit] › e2e\app.spec.ts:252:3 › viewport-fixed shell › shows the launcher in the safe area and a full-height bottom sheet on mobile 

    Error: expect(locator).toBeVisible() failed

    Locator: getByRole('dialog', { name: /Track AI/ })
    Expected: visible
    Timeout: 5000ms
    Error: element(s) not found

    Call log:
      - Expect "toBeVisible" with timeout 5000ms
      - waiting for getByRole('dialog', { name: /Track AI/ })


      258 |     await page.getByTestId("assistant-fab").click();
      259 |     const sheet = page.getByRole("dialog", { name: /Track AI/ });
    > 260 |     await expect(sheet).toBeVisible();
          |                         ^
      261 |     const height = await sheet.evaluate((el) => el.getBoundingClientRect().height);
      262 |     expect(Math.abs(height - 740)).toBeLessThanOrEqual(2);
      263 |     await expect(page.getByTestId("assistant-composer")).toBeVisible();
        at C:\Users\Soheil\Downloads\track.site\apps\web\e2e\app.spec.ts:260:25

    Error Context: test-results\app-viewport-fixed-shell-s-5adf4-ight-bottom-sheet-on-mobile-webkit\error-context.md

    attachment #2: trace (application/zip) ─────────────────────────────────────────────────────────
    test-results\app-viewport-fixed-shell-s-5adf4-ight-bottom-sheet-on-mobile-webkit\trace.zip
    Usage:

        pnpm exec playwright show-trace test-results\app-viewport-fixed-shell-s-5adf4-ight-bottom-sheet-on-mobile-webkit\trace.zip

    ────────────────────────────────────────────────────────────────────────────────────────────────

  7) [webkit] › e2e\app.spec.ts:278:5 › responsive header › at 320 px the shell is exactly viewport-wide and the site switcher, the Track AI launcher and the account menu stay inside it 

    Error: expect(received).toBeLessThanOrEqual(expected)

    Expected: <= 320
    Received:    408

      296 |       expect(metrics.headerOverflow).toBeLessThanOrEqual(1);
      297 |       expect(metrics.mainOverflow).toBeLessThanOrEqual(1);
    > 298 |       expect(metrics.documentWidth).toBeLessThanOrEqual(width);
          |                                     ^
      299 |       for (const control of [page.getByRole("button", { name: /^Site:/ }), page.getByTestId("assistant-launcher"), page.getByRole("button", { name: "Account menu" })]) {
      300 |         await expect(control).toBeVisible();
      301 |         const box = (await control.boundingBox())!;
        at C:\Users\Soheil\Downloads\track.site\apps\web\e2e\app.spec.ts:298:37

    Error Context: test-results\app-responsive-header-at-3-ea220-account-menu-stay-inside-it-webkit\error-context.md

    attachment #2: trace (application/zip) ─────────────────────────────────────────────────────────
    test-results\app-responsive-header-at-3-ea220-account-menu-stay-inside-it-webkit\trace.zip
    Usage:

        pnpm exec playwright show-trace test-results\app-responsive-header-at-3-ea220-account-menu-stay-inside-it-webkit\trace.zip

    ────────────────────────────────────────────────────────────────────────────────────────────────

  8) [webkit] › e2e\app.spec.ts:278:5 › responsive header › at 375 px the shell is exactly viewport-wide and the site switcher, the Track AI launcher and the account menu stay inside it 

    Error: expect(received).toBeLessThanOrEqual(expected)

    Expected: <= 375
    Received:    408

      296 |       expect(metrics.headerOverflow).toBeLessThanOrEqual(1);
      297 |       expect(metrics.mainOverflow).toBeLessThanOrEqual(1);
    > 298 |       expect(metrics.documentWidth).toBeLessThanOrEqual(width);
          |                                     ^
      299 |       for (const control of [page.getByRole("button", { name: /^Site:/ }), page.getByTestId("assistant-launcher"), page.getByRole("button", { name: "Account menu" })]) {
      300 |         await expect(control).toBeVisible();
      301 |         const box = (await control.boundingBox())!;
        at C:\Users\Soheil\Downloads\track.site\apps\web\e2e\app.spec.ts:298:37

    Error Context: test-results\app-responsive-header-at-3-35a9e-account-menu-stay-inside-it-webkit\error-context.md

    attachment #2: trace (application/zip) ─────────────────────────────────────────────────────────
    test-results\app-responsive-header-at-3-35a9e-account-menu-stay-inside-it-webkit\trace.zip
    Usage:

        pnpm exec playwright show-trace test-results\app-responsive-header-at-3-35a9e-account-menu-stay-inside-it-webkit\trace.zip

    ────────────────────────────────────────────────────────────────────────────────────────────────

  9) [webkit] › e2e\app.spec.ts:313:3 › responsive header › below `sm` the command palette opens from the navigation drawer 

    Test timeout of 60000ms exceeded.

    Error: locator.click: Test timeout of 60000ms exceeded.
    Call log:
      - waiting for getByTestId('palette-trigger-drawer')


      315 |     await page.goto("/app");
      316 |     await page.locator('button[aria-controls="app-nav-drawer"]').click();
    > 317 |     await page.getByTestId("palette-trigger-drawer").click();
          |                                                      ^
      318 |     await expect(page.getByRole("dialog", { name: "Command palette" })).toBeVisible();
      319 |   });
      320 | });
        at C:\Users\Soheil\Downloads\track.site\apps\web\e2e\app.spec.ts:317:54

    Error Context: test-results\app-responsive-header-belo-a99be--from-the-navigation-drawer-webkit\error-context.md

    attachment #2: trace (application/zip) ─────────────────────────────────────────────────────────
    test-results\app-responsive-header-belo-a99be--from-the-navigation-drawer-webkit\trace.zip
    Usage:

        pnpm exec playwright show-trace test-results\app-responsive-header-belo-a99be--from-the-navigation-drawer-webkit\trace.zip

    ────────────────────────────────────────────────────────────────────────────────────────────────

  10) [webkit] › e2e\app.spec.ts:360:3 › Track AI panel › keeps the shell exactly viewport-high with a 250-message conversation and windows the list 

    Error: expect(locator).toHaveAttribute(expected) failed

    Locator:  getByTestId('assistant-messages')
    Expected: "250"
    Received: "0"
    Timeout:  5000ms

    Call log:
      - Expect "toHaveAttribute" with timeout 5000ms
      - waiting for getByTestId('assistant-messages')
        13 × locator resolved to <div tabindex="0" role="region" data-total="0" data-rendered="0" data-virtualized="false" data-testid="assistant-messages" aria-label="Track AI conversation" class="relative h-full overflow-y-auto overscroll-contain px-4 pt-4 focus-visible:outline-2 focus-visible:-outline-offset-2 focus-visible:outline-primary">…</div>
           - unexpected value "0"


      365 |     await page.goto("/app?ai_fixture=long-conversation");
      366 |     const list = page.getByTestId("assistant-messages");
    > 367 |     await expect(list).toHaveAttribute("data-total", "250");
          |                        ^
      368 |     await expect(list).toHaveAttribute("data-virtualized", "true");
      369 |     const metrics = await page.evaluate(() => {
      370 |       const el = document.querySelector<HTMLElement>('[data-testid="assistant-messages"]')!;
        at C:\Users\Soheil\Downloads\track.site\apps\web\e2e\app.spec.ts:367:24

    Error Context: test-results\app-Track-AI-panel-keeps-t-5ed20-sation-and-windows-the-list-webkit\error-context.md

    attachment #2: trace (application/zip) ─────────────────────────────────────────────────────────
    test-results\app-Track-AI-panel-keeps-t-5ed20-sation-and-windows-the-list-webkit\trace.zip
    Usage:

        pnpm exec playwright show-trace test-results\app-Track-AI-panel-keeps-t-5ed20-sation-and-windows-the-list-webkit\trace.zip

    ────────────────────────────────────────────────────────────────────────────────────────────────

  11) [webkit] › e2e\app.spec.ts:401:3 › Track AI panel › motion preference off produces no animated frame: the core reports the static tier 

    Error: expect(locator).toHaveAttribute(expected) failed

    Locator:  locator('html')
    Expected: "system"
    Received: "off"
    Timeout:  5000ms

    Call log:
      - Expect "toHaveAttribute" with timeout 5000ms
      - waiting for locator('html')
        13 × locator resolved to <html lang="en" data-dashboard="" data-ai-motion="off" class="inter_8a594245-module__h1XLeG__variable bricolage_grotesque_95a5617b-module__gB1idq__variable">…</html>
           - unexpected value "off"


      410 |     if ((await html.getAttribute("data-ai-motion")) === "off") {
      411 |       await page.getByTestId("assistant-motion-toggle").click();
    > 412 |       await expect(html).toHaveAttribute("data-ai-motion", "system");
          |                          ^
      413 |       await expect(page.getByText(MOTION_RESUMED)).toBeAttached();
      414 |     }
      415 |     await expect(core).toHaveAttribute("data-tier", /^(css|webgl)$/);
        at C:\Users\Soheil\Downloads\track.site\apps\web\e2e\app.spec.ts:412:26

    Error Context: test-results\app-Track-AI-panel-motion--e188e-ore-reports-the-static-tier-webkit\error-context.md

    attachment #2: trace (application/zip) ─────────────────────────────────────────────────────────
    test-results\app-Track-AI-panel-motion--e188e-ore-reports-the-static-tier-webkit\trace.zip
    Usage:

        pnpm exec playwright show-trace test-results\app-Track-AI-panel-motion--e188e-ore-reports-the-static-tier-webkit\trace.zip

    ────────────────────────────────────────────────────────────────────────────────────────────────

  12) [webkit] › e2e\app.spec.ts:466:3 › Track AI panel › exposes the activity live region, the motion state and the setup workspace targets 

    Error: expect(locator).toBeFocused() failed

    Locator:  getByTestId('assistant-composer')
    Expected: focused
    Received: inactive
    Timeout:  5000ms

    Call log:
      - Expect "toBeFocused" with timeout 5000ms
      - waiting for getByTestId('assistant-composer')
        13 × locator resolved to <textarea rows="1" maxlength="4000" id="track-ai-composer" data-testid="assistant-composer" aria-describedby="track-ai-composer-hint" placeholder="Describe your site, paste a public pixel id or ask a question…" class="min-h-11 w-full flex-1 resize-none rounded-[var(--radius-control)] border border-line-2 bg-surface px-3 py-2 text-sm leading-6 text-ink shadow-none transition-[border-color,box-shadow,background-color] duration-[var(--motion-fast)] ease-out placeholder:text-ink-3 hover:border-ink-3 focus:b…></textarea>
           - unexpected value "inactive"


      481 |     // the panel's composer is focusable from the workspace without leaving the page
      482 |     await page.getByRole("button", { name: "Open Track AI" }).first().click();
    > 483 |     await expect(page.getByTestId("assistant-composer")).toBeFocused();
          |                                                          ^
      484 |   });
      485 | });
      486 |
        at C:\Users\Soheil\Downloads\track.site\apps\web\e2e\app.spec.ts:483:58

    Error Context: test-results\app-Track-AI-panel-exposes-57ec9-the-setup-workspace-targets-webkit\error-context.md

    attachment #2: trace (application/zip) ─────────────────────────────────────────────────────────
    test-results\app-Track-AI-panel-exposes-57ec9-the-setup-workspace-targets-webkit\trace.zip
    Usage:

        pnpm exec playwright show-trace test-results\app-Track-AI-panel-exposes-57ec9-the-setup-workspace-targets-webkit\trace.zip

    ────────────────────────────────────────────────────────────────────────────────────────────────

  13) [webkit] › e2e\e3-probe.tmp.spec.ts:5:1 › probe: mobile sheet under a shrinking viewport ─────

    Error: expect(locator).toBeVisible() failed

    Locator: getByRole('dialog', { name: /Track AI/ })
    Expected: visible
    Timeout: 5000ms
    Error: element(s) not found

    Call log:
      - Expect "toBeVisible" with timeout 5000ms
      - waiting for getByRole('dialog', { name: /Track AI/ })


       9 |   await page.getByTestId("assistant-fab").click();
      10 |   const sheet = page.getByRole("dialog", { name: /Track AI/ });
    > 11 |   await expect(sheet).toBeVisible();
         |                       ^
      12 |   await expect(page.getByTestId("assistant-messages")).toHaveAttribute("data-total", "250");
      13 |   await expect(page.locator('[data-message-id="fixture-249"]')).toBeVisible();
      14 |   const snap = () =>
        at C:\Users\Soheil\Downloads\track.site\apps\web\e2e\e3-probe.tmp.spec.ts:11:23

    Error Context: test-results\e3-probe.tmp-probe-mobile-sheet-under-a-shrinking-viewport-webkit\error-context.md

    attachment #2: trace (application/zip) ─────────────────────────────────────────────────────────
    test-results\e3-probe.tmp-probe-mobile-sheet-under-a-shrinking-viewport-webkit\trace.zip
    Usage:

        pnpm exec playwright show-trace test-results\e3-probe.tmp-probe-mobile-sheet-under-a-shrinking-viewport-webkit\trace.zip

    ────────────────────────────────────────────────────────────────────────────────────────────────

  14) [webkit] › e2e\marketing.spec.ts:50:7 › marketing site › responsive layout › /fr at 320 px: no horizontal page scroll, heading and CTA inside the viewport, demo content inside its frame 

    Error: expect(received).toBeLessThanOrEqual(expected)

    Expected: <= 320
    Received:    1281

      54 |         await page.evaluate(() => document.fonts.ready);
      55 |         const doc = await page.evaluate(() => ({ scrollWidth: document.documentElement.scrollWidth, clientWidth: document.documentElement.clientWidth }));
    > 56 |         expect(doc.scrollWidth).toBeLessThanOrEqual(doc.clientWidth);
         |                                 ^
      57 |         const h1 = (await page.locator("h1").boundingBox())!;
      58 |         expect(h1.x + h1.width).toBeLessThanOrEqual(width);
      59 |         if (path !== "") return;
        at C:\Users\Soheil\Downloads\track.site\apps\web\e2e\marketing.spec.ts:56:33

    Error Context: test-results\marketing-marketing-site-r-35893-mo-content-inside-its-frame-webkit\error-context.md

    attachment #2: trace (application/zip) ─────────────────────────────────────────────────────────
    test-results\marketing-marketing-site-r-35893-mo-content-inside-its-frame-webkit\trace.zip
    Usage:

        pnpm exec playwright show-trace test-results\marketing-marketing-site-r-35893-mo-content-inside-its-frame-webkit\trace.zip

    ────────────────────────────────────────────────────────────────────────────────────────────────

  15) [webkit] › e2e\marketing.spec.ts:50:7 › marketing site › responsive layout › /en at 1024 px: no horizontal page scroll, heading and CTA inside the viewport, demo content inside its frame 

    Error: expect(received).toBeLessThanOrEqual(expected)

    Expected: <= 1024
    Received:    1125

      54 |         await page.evaluate(() => document.fonts.ready);
      55 |         const doc = await page.evaluate(() => ({ scrollWidth: document.documentElement.scrollWidth, clientWidth: document.documentElement.clientWidth }));
    > 56 |         expect(doc.scrollWidth).toBeLessThanOrEqual(doc.clientWidth);
         |                                 ^
      57 |         const h1 = (await page.locator("h1").boundingBox())!;
      58 |         expect(h1.x + h1.width).toBeLessThanOrEqual(width);
      59 |         if (path !== "") return;
        at C:\Users\Soheil\Downloads\track.site\apps\web\e2e\marketing.spec.ts:56:33

    Error Context: test-results\marketing-marketing-site-r-882e1-mo-content-inside-its-frame-webkit\error-context.md

    attachment #2: trace (application/zip) ─────────────────────────────────────────────────────────
    test-results\marketing-marketing-site-r-882e1-mo-content-inside-its-frame-webkit\trace.zip
    Usage:

        pnpm exec playwright show-trace test-results\marketing-marketing-site-r-882e1-mo-content-inside-its-frame-webkit\trace.zip

    ────────────────────────────────────────────────────────────────────────────────────────────────

  16) [webkit] › e2e\marketing.spec.ts:50:7 › marketing site › responsive layout › /nl at 1024 px: no horizontal page scroll, heading and CTA inside the viewport, demo content inside its frame 

    Error: expect(received).toBeLessThanOrEqual(expected)

    Expected: <= 1024
    Received:    1265

      54 |         await page.evaluate(() => document.fonts.ready);
      55 |         const doc = await page.evaluate(() => ({ scrollWidth: document.documentElement.scrollWidth, clientWidth: document.documentElement.clientWidth }));
    > 56 |         expect(doc.scrollWidth).toBeLessThanOrEqual(doc.clientWidth);
         |                                 ^
      57 |         const h1 = (await page.locator("h1").boundingBox())!;
      58 |         expect(h1.x + h1.width).toBeLessThanOrEqual(width);
      59 |         if (path !== "") return;
        at C:\Users\Soheil\Downloads\track.site\apps\web\e2e\marketing.spec.ts:56:33

    Error Context: test-results\marketing-marketing-site-r-45db9-mo-content-inside-its-frame-webkit\error-context.md

    attachment #2: trace (application/zip) ─────────────────────────────────────────────────────────
    test-results\marketing-marketing-site-r-45db9-mo-content-inside-its-frame-webkit\trace.zip
    Usage:

        pnpm exec playwright show-trace test-results\marketing-marketing-site-r-45db9-mo-content-inside-its-frame-webkit\trace.zip

    ────────────────────────────────────────────────────────────────────────────────────────────────

  17) [webkit] › e2e\marketing.spec.ts:50:7 › marketing site › responsive layout › /fr/pricing at 320 px: no horizontal page scroll, heading and CTA inside the viewport, demo content inside its frame 

    Error: expect(received).toBeLessThanOrEqual(expected)

    Expected: <= 320
    Received:    1349

      54 |         await page.evaluate(() => document.fonts.ready);
      55 |         const doc = await page.evaluate(() => ({ scrollWidth: document.documentElement.scrollWidth, clientWidth: document.documentElement.clientWidth }));
    > 56 |         expect(doc.scrollWidth).toBeLessThanOrEqual(doc.clientWidth);
         |                                 ^
      57 |         const h1 = (await page.locator("h1").boundingBox())!;
      58 |         expect(h1.x + h1.width).toBeLessThanOrEqual(width);
      59 |         if (path !== "") return;
        at C:\Users\Soheil\Downloads\track.site\apps\web\e2e\marketing.spec.ts:56:33

    Error Context: test-results\marketing-marketing-site-r-f03b0-mo-content-inside-its-frame-webkit\error-context.md

    attachment #2: trace (application/zip) ─────────────────────────────────────────────────────────
    test-results\marketing-marketing-site-r-f03b0-mo-content-inside-its-frame-webkit\trace.zip
    Usage:

        pnpm exec playwright show-trace test-results\marketing-marketing-site-r-f03b0-mo-content-inside-its-frame-webkit\trace.zip

    ────────────────────────────────────────────────────────────────────────────────────────────────

  18) [webkit] › e2e\marketing.spec.ts:50:7 › marketing site › responsive layout › /de/pricing at 768 px: no horizontal page scroll, heading and CTA inside the viewport, demo content inside its frame 

    Error: expect(received).toBeLessThanOrEqual(expected)

    Expected: <= 768
    Received:    1451

      54 |         await page.evaluate(() => document.fonts.ready);
      55 |         const doc = await page.evaluate(() => ({ scrollWidth: document.documentElement.scrollWidth, clientWidth: document.documentElement.clientWidth }));
    > 56 |         expect(doc.scrollWidth).toBeLessThanOrEqual(doc.clientWidth);
         |                                 ^
      57 |         const h1 = (await page.locator("h1").boundingBox())!;
      58 |         expect(h1.x + h1.width).toBeLessThanOrEqual(width);
      59 |         if (path !== "") return;
        at C:\Users\Soheil\Downloads\track.site\apps\web\e2e\marketing.spec.ts:56:33

    Error Context: test-results\marketing-marketing-site-r-be434-mo-content-inside-its-frame-webkit\error-context.md

    attachment #2: trace (application/zip) ─────────────────────────────────────────────────────────
    test-results\marketing-marketing-site-r-be434-mo-content-inside-its-frame-webkit\trace.zip
    Usage:

        pnpm exec playwright show-trace test-results\marketing-marketing-site-r-be434-mo-content-inside-its-frame-webkit\trace.zip

    ────────────────────────────────────────────────────────────────────────────────────────────────

  19) [webkit] › e2e\marketing.spec.ts:50:7 › marketing site › responsive layout › /nl/pricing at 1024 px: no horizontal page scroll, heading and CTA inside the viewport, demo content inside its frame 

    Error: expect(received).toBeLessThanOrEqual(expected)

    Expected: <= 1024
    Received:    1426

      54 |         await page.evaluate(() => document.fonts.ready);
      55 |         const doc = await page.evaluate(() => ({ scrollWidth: document.documentElement.scrollWidth, clientWidth: document.documentElement.clientWidth }));
    > 56 |         expect(doc.scrollWidth).toBeLessThanOrEqual(doc.clientWidth);
         |                                 ^
      57 |         const h1 = (await page.locator("h1").boundingBox())!;
      58 |         expect(h1.x + h1.width).toBeLessThanOrEqual(width);
      59 |         if (path !== "") return;
        at C:\Users\Soheil\Downloads\track.site\apps\web\e2e\marketing.spec.ts:56:33

    Error Context: test-results\marketing-marketing-site-r-f39e1-mo-content-inside-its-frame-webkit\error-context.md

    attachment #2: trace (application/zip) ─────────────────────────────────────────────────────────
    test-results\marketing-marketing-site-r-f39e1-mo-content-inside-its-frame-webkit\trace.zip
    Usage:

        pnpm exec playwright show-trace test-results\marketing-marketing-site-r-f39e1-mo-content-inside-its-frame-webkit\trace.zip

    ────────────────────────────────────────────────────────────────────────────────────────────────

  20) [webkit] › e2e\marketing.spec.ts:110:3 › marketing site › the language switcher leads to the same page in the other language 

    Test timeout of 60000ms exceeded.

    Error: locator.click: Test timeout of 60000ms exceeded.
    Call log:
      - waiting for locator('header').getByRole('link', { name: 'Deutsch' })


      113 |     const header = page.locator("header");
      114 |     await header.getByRole("button", { name: /language/i }).click();
    > 115 |     await header.getByRole("link", { name: "Deutsch" }).click();
          |                                                         ^
      116 |     await expect(page).toHaveURL(/\/de\/pricing$/);
      117 |     await expect(page.locator("html")).toHaveAttribute("lang", "de");
      118 |     // six written-out native names, and a second switch (to French) stays on the same page as well
        at C:\Users\Soheil\Downloads\track.site\apps\web\e2e\marketing.spec.ts:115:57

    Error Context: test-results\marketing-marketing-site-t-ac688--page-in-the-other-language-webkit\error-context.md

    attachment #2: trace (application/zip) ─────────────────────────────────────────────────────────
    test-results\marketing-marketing-site-t-ac688--page-in-the-other-language-webkit\trace.zip
    Usage:

        pnpm exec playwright show-trace test-results\marketing-marketing-site-t-ac688--page-in-the-other-language-webkit\trace.zip

    ────────────────────────────────────────────────────────────────────────────────────────────────

  21) [webkit] › e2e\marketing.spec.ts:126:3 › marketing site › Tracking Knowledge index lists articles and an article renders with the article template, BlogPosting/TechArticle + BreadcrumbList JSON-LD and a large social card 

    Error: expect(page).toHaveURL(expected) failed

    Expected pattern: /\/en\/tracking-knowledge\/[a-z0-9-]+$/
    Received string:  "http://localhost:3013/en/tracking-knowledge"
    Timeout: 5000ms

    Call log:
      - Expect "toHaveURL" with timeout 5000ms
        11 × locator resolved to <html lang="en" class="inter_8a594245-module__h1XLeG__variable bricolage_grotesque_95a5617b-module__gB1idq__variable">…</html>
           - unexpected value "http://localhost:3013/en/tracking-knowledge"


      131 |     await expect(first).toBeVisible();
      132 |     await first.click();
    > 133 |     await expect(page).toHaveURL(/\/en\/tracking-knowledge\/[a-z0-9-]+$/);
          |                        ^
      134 |     await expect(page.locator("h1")).toHaveCount(1);
      135 |     // article template (supplement §6): breadcrumbs, reading progress, table of contents, responsible editor, topic CTA and a feedback block without any totals
      136 |     await expect(page.getByRole("navigation", { name: /breadcrumb|navigationspfad/i })).toHaveCount(1);
        at C:\Users\Soheil\Downloads\track.site\apps\web\e2e\marketing.spec.ts:133:24

    Error Context: test-results\marketing-marketing-site-T-06d57--LD-and-a-large-social-card-webkit\error-context.md

    attachment #2: trace (application/zip) ─────────────────────────────────────────────────────────
    test-results\marketing-marketing-site-T-06d57--LD-and-a-large-social-card-webkit\trace.zip
    Usage:

        pnpm exec playwright show-trace test-results\marketing-marketing-site-T-06d57--LD-and-a-large-social-card-webkit\trace.zip

    ────────────────────────────────────────────────────────────────────────────────────────────────

  21 failed
    [webkit] › e2e\app.spec.ts:26:3 › sign-in › signs in with the seeded owner, lists sites and opens the shop connection page 
    [webkit] › e2e\app.spec.ts:109:3 › alerts & incident mode › creates a webhook channel and a rule with a plain-language preview, then removes both 
    [webkit] › e2e\app.spec.ts:154:3 › alerts & incident mode › saves the per-user AI motion preference and exposes it on the dashboard root 
    [webkit] › e2e\app.spec.ts:181:3 › viewport-fixed shell › keeps the document at viewport height with independent scroll areas and the Track AI panel docked on desktop 
    [webkit] › e2e\app.spec.ts:241:3 › viewport-fixed shell › opens the command palette with Ctrl+K and navigates 
    [webkit] › e2e\app.spec.ts:252:3 › viewport-fixed shell › shows the launcher in the safe area and a full-height bottom sheet on mobile 
    [webkit] › e2e\app.spec.ts:278:5 › responsive header › at 320 px the shell is exactly viewport-wide and the site switcher, the Track AI launcher and the account menu stay inside it 
    [webkit] › e2e\app.spec.ts:278:5 › responsive header › at 375 px the shell is exactly viewport-wide and the site switcher, the Track AI launcher and the account menu stay inside it 
    [webkit] › e2e\app.spec.ts:313:3 › responsive header › below `sm` the command palette opens from the navigation drawer 
    [webkit] › e2e\app.spec.ts:360:3 › Track AI panel › keeps the shell exactly viewport-high with a 250-message conversation and windows the list 
    [webkit] › e2e\app.spec.ts:401:3 › Track AI panel › motion preference off produces no animated frame: the core reports the static tier 
    [webkit] › e2e\app.spec.ts:466:3 › Track AI panel › exposes the activity live region, the motion state and the setup workspace targets 
    [webkit] › e2e\e3-probe.tmp.spec.ts:5:1 › probe: mobile sheet under a shrinking viewport ───────
    [webkit] › e2e\marketing.spec.ts:50:7 › marketing site › responsive layout › /fr at 320 px: no horizontal page scroll, heading and CTA inside the viewport, demo content inside its frame 
    [webkit] › e2e\marketing.spec.ts:50:7 › marketing site › responsive layout › /en at 1024 px: no horizontal page scroll, heading and CTA inside the viewport, demo content inside its frame 
    [webkit] › e2e\marketing.spec.ts:50:7 › marketing site › responsive layout › /nl at 1024 px: no horizontal page scroll, heading and CTA inside the viewport, demo content inside its frame 
    [webkit] › e2e\marketing.spec.ts:50:7 › marketing site › responsive layout › /fr/pricing at 320 px: no horizontal page scroll, heading and CTA inside the viewport, demo content inside its frame 
    [webkit] › e2e\marketing.spec.ts:50:7 › marketing site › responsive layout › /de/pricing at 768 px: no horizontal page scroll, heading and CTA inside the viewport, demo content inside its frame 
    [webkit] › e2e\marketing.spec.ts:50:7 › marketing site › responsive layout › /nl/pricing at 1024 px: no horizontal page scroll, heading and CTA inside the viewport, demo content inside its frame 
    [webkit] › e2e\marketing.spec.ts:110:3 › marketing site › the language switcher leads to the same page in the other language 
    [webkit] › e2e\marketing.spec.ts:126:3 › marketing site › Tracking Knowledge index lists articles and an article renders with the article template, BlogPosting/TechArticle + BreadcrumbList JSON-LD and a large social card 
  21 passed (3.5m)
exit=1
