
Running 43 tests using 2 workers

  ok  1 [setup] › e2e\auth.setup.ts:12:1 › signs in as the seeded owner and stores the session (3.2s)
  x   2 [firefox] › e2e\app.spec.ts:29:3 › sign-in › signs in with the seeded owner, lists sites and opens the shop connection page (2ms)
  ok  3 [firefox] › e2e\marketing.spec.ts:15:3 › marketing site › serves all six programme locales (6ms)
  x   4 [firefox] › e2e\marketing.spec.ts:20:5 › marketing site › home renders with lang="en", one h1, self canonical, hreflang alternates for six locales + x-default and no serious accessibility violations (0ms)
  x   5 [firefox] › e2e\app.spec.ts:46:3 › dashboard › the module pages render one h1 each inside the shell for the signed-in owner (2ms)
  x   6 [firefox] › e2e\marketing.spec.ts:20:5 › marketing site › home renders with lang="de", one h1, self canonical, hreflang alternates for six locales + x-default and no serious accessibility violations (2ms)
  x   7 [firefox] › e2e\app.spec.ts:68:3 › dashboard › redirects the renamed dashboard paths permanently (2ms)
  x   8 [firefox] › e2e\marketing.spec.ts:20:5 › marketing site › home renders with lang="fr", one h1, self canonical, hreflang alternates for six locales + x-default and no serious accessibility violations (2ms)
  x   9 [firefox] › e2e\app.spec.ts:84:3 › alerts & incident mode › renders /app/settings/alerts with Incident Mode, channels, rules and an honest history state (3ms)
  x  10 [firefox] › e2e\marketing.spec.ts:20:5 › marketing site › home renders with lang="es", one h1, self canonical, hreflang alternates for six locales + x-default and no serious accessibility violations (2ms)
  x  11 [firefox] › e2e\app.spec.ts:112:3 › alerts & incident mode › creates a webhook channel and a rule with a plain-language preview, then removes both (2ms)
  x  12 [firefox] › e2e\marketing.spec.ts:20:5 › marketing site › home renders with lang="it", one h1, self canonical, hreflang alternates for six locales + x-default and no serious accessibility violations (2ms)
  x  13 [firefox] › e2e\app.spec.ts:157:3 › alerts & incident mode › saves the per-user AI motion preference and exposes it on the dashboard root (2ms)
  x  14 [firefox] › e2e\marketing.spec.ts:20:5 › marketing site › home renders with lang="nl", one h1, self canonical, hreflang alternates for six locales + x-default and no serious accessibility violations (2ms)
  x  15 [firefox] › e2e\app.spec.ts:184:3 › viewport-fixed shell › keeps the document at viewport height with independent scroll areas and the Track AI panel docked on desktop (2ms)
  x  16 [firefox] › e2e\marketing.spec.ts:50:7 › marketing site › responsive layout › /fr at 320 px: no horizontal page scroll, heading and CTA inside the viewport, demo content inside its frame (1ms)
  x  17 [firefox] › e2e\app.spec.ts:244:3 › viewport-fixed shell › opens the command palette with Ctrl+K and navigates (2ms)
  x  18 [firefox] › e2e\marketing.spec.ts:50:7 › marketing site › responsive layout › /en at 1024 px: no horizontal page scroll, heading and CTA inside the viewport, demo content inside its frame (2ms)
  x  19 [firefox] › e2e\app.spec.ts:255:3 › viewport-fixed shell › shows the launcher in the safe area and a full-height bottom sheet on mobile (2ms)
  x  20 [firefox] › e2e\marketing.spec.ts:50:7 › marketing site › responsive layout › /nl at 1024 px: no horizontal page scroll, heading and CTA inside the viewport, demo content inside its frame (2ms)
  x  21 [firefox] › e2e\app.spec.ts:281:5 › responsive header › at 320 px the shell is exactly viewport-wide and the site switcher, the Track AI launcher and the account menu stay inside it (2ms)
  x  22 [firefox] › e2e\marketing.spec.ts:50:7 › marketing site › responsive layout › /en at 1280 px: no horizontal page scroll, heading and CTA inside the viewport, demo content inside its frame (1ms)
  x  23 [firefox] › e2e\app.spec.ts:281:5 › responsive header › at 375 px the shell is exactly viewport-wide and the site switcher, the Track AI launcher and the account menu stay inside it (2ms)
  x  24 [firefox] › e2e\marketing.spec.ts:50:7 › marketing site › responsive layout › /fr/pricing at 320 px: no horizontal page scroll, heading and CTA inside the viewport, demo content inside its frame (1ms)
  x  25 [firefox] › e2e\app.spec.ts:281:5 › responsive header › at 768 px the shell is exactly viewport-wide and the site switcher, the Track AI launcher and the account menu stay inside it (1ms)
  x  26 [firefox] › e2e\marketing.spec.ts:50:7 › marketing site › responsive layout › /de/pricing at 768 px: no horizontal page scroll, heading and CTA inside the viewport, demo content inside its frame (1ms)
  x  27 [firefox] › e2e\app.spec.ts:316:3 › responsive header › below `sm` the command palette opens from the navigation drawer (2ms)
  x  28 [firefox] › e2e\marketing.spec.ts:50:7 › marketing site › responsive layout › /nl/pricing at 1024 px: no horizontal page scroll, heading and CTA inside the viewport, demo content inside its frame (1ms)
  x  29 [firefox] › e2e\app.spec.ts:328:3 › keyboard focus in the header › the workspace switcher triggers and the account menu render a visible focus ring (2ms)
  ok 30 [firefox] › e2e\marketing.spec.ts:93:3 › marketing site › unprefixed URLs redirect permanently to English and keep the query string (73ms)
  x  31 [firefox] › e2e\marketing.spec.ts:110:3 › marketing site › the language switcher leads to the same page in the other language (0ms)
  x  32 [firefox] › e2e\app.spec.ts:363:3 › Track AI panel › keeps the shell exactly viewport-high with a 250-message conversation and windows the list (1ms)
  x  33 [firefox] › e2e\marketing.spec.ts:126:3 › marketing site › Tracking Knowledge index lists articles and an article renders with the article template, BlogPosting/TechArticle + BreadcrumbList JSON-LD and a large social card (2ms)
  x  34 [firefox] › e2e\app.spec.ts:404:3 › Track AI panel › motion preference off produces no animated frame: the core reports the static tier (1ms)
  ok 35 [firefox] › e2e\marketing.spec.ts:174:3 › marketing site › old blog URLs redirect permanently and directly to Tracking Knowledge, query string included (74ms)
  x  36 [firefox] › e2e\marketing.spec.ts:192:3 › marketing site › pricing never shows invented amounts: either Stripe prices or the honest empty state (0ms)
  x  37 [firefox] › e2e\app.spec.ts:451:3 › Track AI panel › prefers-reduced-motion renders the static tier from the server on, without an animation flash (2ms)
  x  38 [firefox] › e2e\marketing.spec.ts:201:3 › marketing site › legal pages carry the operator identity from the environment or state that it is missing (2ms)
  x  39 [firefox] › e2e\app.spec.ts:469:3 › Track AI panel › exposes the activity live region, the motion state and the setup workspace targets (1ms)
  x  41 [firefox] › e2e\app.spec.ts:528:3 › mobile on-screen keyboard › the sheet follows the visual viewport: composer and last message stay visible above the keyboard, nothing shifts (1ms)
  ok 40 [firefox] › e2e\marketing.spec.ts:207:3 › marketing site › the sitemap index points to a pages and a knowledge sitemap per locale (116ms)
  x  42 [firefox] › e2e\app.spec.ts:653:3 › Track AI state across routes and sites › the transcript, the scroll position, the draft and the panel geometry survive a route change (1ms)
  x  43 [firefox] › e2e\app.spec.ts:688:3 › Track AI state across routes and sites › a site switch confirms the new context visibly and never shows the other site's transcript (1ms)


  1) [firefox] › e2e\app.spec.ts:29:3 › sign-in › signs in with the seeded owner, lists sites and opens the shop connection page 

    Error: browserType.launch: spawn UNKNOWN
    Call log:
      - <launching> C:\Users\Soheil\AppData\Local\ms-playwright\firefox-1538\firefox\firefox.exe -no-remote -headless -profile C:\Users\Soheil\AppData\Local\Temp\playwright_firefoxdev_profile-3obeJA -juggler-pipe -silent


    Error Context: test-results\app-sign-in-signs-in-with--e6ed7-ns-the-shop-connection-page-firefox\error-context.md

    attachment #2: trace (application/zip) ─────────────────────────────────────────────────────────
    test-results\app-sign-in-signs-in-with--e6ed7-ns-the-shop-connection-page-firefox\trace.zip
    Usage:

        pnpm exec playwright show-trace test-results\app-sign-in-signs-in-with--e6ed7-ns-the-shop-connection-page-firefox\trace.zip

    ────────────────────────────────────────────────────────────────────────────────────────────────

  2) [firefox] › e2e\app.spec.ts:46:3 › dashboard › the module pages render one h1 each inside the shell for the signed-in owner 

    Error: browserType.launch: spawn UNKNOWN
    Call log:
      - <launching> C:\Users\Soheil\AppData\Local\ms-playwright\firefox-1538\firefox\firefox.exe -no-remote -headless -profile C:\Users\Soheil\AppData\Local\Temp\playwright_firefoxdev_profile-vJ236V -juggler-pipe -silent


    Error Context: test-results\app-dashboard-the-module-p-ff7f0-ell-for-the-signed-in-owner-firefox\error-context.md

    attachment #2: trace (application/zip) ─────────────────────────────────────────────────────────
    test-results\app-dashboard-the-module-p-ff7f0-ell-for-the-signed-in-owner-firefox\trace.zip
    Usage:

        pnpm exec playwright show-trace test-results\app-dashboard-the-module-p-ff7f0-ell-for-the-signed-in-owner-firefox\trace.zip

    ────────────────────────────────────────────────────────────────────────────────────────────────

  3) [firefox] › e2e\app.spec.ts:68:3 › dashboard › redirects the renamed dashboard paths permanently 

    Error: browserType.launch: spawn UNKNOWN
    Call log:
      - <launching> C:\Users\Soheil\AppData\Local\ms-playwright\firefox-1538\firefox\firefox.exe -no-remote -headless -profile C:\Users\Soheil\AppData\Local\Temp\playwright_firefoxdev_profile-XN7fGs -juggler-pipe -silent


    Error Context: test-results\app-dashboard-redirects-th-96d0a-dashboard-paths-permanently-firefox\error-context.md

    attachment #2: trace (application/zip) ─────────────────────────────────────────────────────────
    test-results\app-dashboard-redirects-th-96d0a-dashboard-paths-permanently-firefox\trace.zip
    Usage:

        pnpm exec playwright show-trace test-results\app-dashboard-redirects-th-96d0a-dashboard-paths-permanently-firefox\trace.zip

    ────────────────────────────────────────────────────────────────────────────────────────────────

  4) [firefox] › e2e\app.spec.ts:84:3 › alerts & incident mode › renders /app/settings/alerts with Incident Mode, channels, rules and an honest history state 

    Error: browserType.launch: spawn UNKNOWN
    Call log:
      - <launching> C:\Users\Soheil\AppData\Local\ms-playwright\firefox-1538\firefox\firefox.exe -no-remote -headless -profile C:\Users\Soheil\AppData\Local\Temp\playwright_firefoxdev_profile-M7xdnl -juggler-pipe -silent


    Error Context: test-results\app-alerts-incident-mode-r-c2af4-and-an-honest-history-state-firefox\error-context.md

    attachment #2: trace (application/zip) ─────────────────────────────────────────────────────────
    test-results\app-alerts-incident-mode-r-c2af4-and-an-honest-history-state-firefox\trace.zip
    Usage:

        pnpm exec playwright show-trace test-results\app-alerts-incident-mode-r-c2af4-and-an-honest-history-state-firefox\trace.zip

    ────────────────────────────────────────────────────────────────────────────────────────────────

  5) [firefox] › e2e\app.spec.ts:112:3 › alerts & incident mode › creates a webhook channel and a rule with a plain-language preview, then removes both 

    Error: browserType.launch: spawn UNKNOWN
    Call log:
      - <launching> C:\Users\Soheil\AppData\Local\ms-playwright\firefox-1538\firefox\firefox.exe -no-remote -headless -profile C:\Users\Soheil\AppData\Local\Temp\playwright_firefoxdev_profile-YHkU4D -juggler-pipe -silent


    Error Context: test-results\app-alerts-incident-mode-c-34b4f-e-preview-then-removes-both-firefox\error-context.md

    attachment #2: trace (application/zip) ─────────────────────────────────────────────────────────
    test-results\app-alerts-incident-mode-c-34b4f-e-preview-then-removes-both-firefox\trace.zip
    Usage:

        pnpm exec playwright show-trace test-results\app-alerts-incident-mode-c-34b4f-e-preview-then-removes-both-firefox\trace.zip

    ────────────────────────────────────────────────────────────────────────────────────────────────

  6) [firefox] › e2e\app.spec.ts:157:3 › alerts & incident mode › saves the per-user AI motion preference and exposes it on the dashboard root 

    Error: browserType.launch: spawn UNKNOWN
    Call log:
      - <launching> C:\Users\Soheil\AppData\Local\ms-playwright\firefox-1538\firefox\firefox.exe -no-remote -headless -profile C:\Users\Soheil\AppData\Local\Temp\playwright_firefoxdev_profile-GUKNpb -juggler-pipe -silent


    Error Context: test-results\app-alerts-incident-mode-s-8efeb-es-it-on-the-dashboard-root-firefox\error-context.md

    attachment #2: trace (application/zip) ─────────────────────────────────────────────────────────
    test-results\app-alerts-incident-mode-s-8efeb-es-it-on-the-dashboard-root-firefox\trace.zip
    Usage:

        pnpm exec playwright show-trace test-results\app-alerts-incident-mode-s-8efeb-es-it-on-the-dashboard-root-firefox\trace.zip

    ────────────────────────────────────────────────────────────────────────────────────────────────

  7) [firefox] › e2e\app.spec.ts:184:3 › viewport-fixed shell › keeps the document at viewport height with independent scroll areas and the Track AI panel docked on desktop 

    Error: browserType.launch: spawn UNKNOWN
    Call log:
      - <launching> C:\Users\Soheil\AppData\Local\ms-playwright\firefox-1538\firefox\firefox.exe -no-remote -headless -profile C:\Users\Soheil\AppData\Local\Temp\playwright_firefoxdev_profile-tCnhpc -juggler-pipe -silent


    Error Context: test-results\app-viewport-fixed-shell-k-0ec95--AI-panel-docked-on-desktop-firefox\error-context.md

    attachment #2: trace (application/zip) ─────────────────────────────────────────────────────────
    test-results\app-viewport-fixed-shell-k-0ec95--AI-panel-docked-on-desktop-firefox\trace.zip
    Usage:

        pnpm exec playwright show-trace test-results\app-viewport-fixed-shell-k-0ec95--AI-panel-docked-on-desktop-firefox\trace.zip

    ────────────────────────────────────────────────────────────────────────────────────────────────

  8) [firefox] › e2e\app.spec.ts:244:3 › viewport-fixed shell › opens the command palette with Ctrl+K and navigates 

    Error: browserType.launch: spawn UNKNOWN
    Call log:
      - <launching> C:\Users\Soheil\AppData\Local\ms-playwright\firefox-1538\firefox\firefox.exe -no-remote -headless -profile C:\Users\Soheil\AppData\Local\Temp\playwright_firefoxdev_profile-DrI46t -juggler-pipe -silent


    Error Context: test-results\app-viewport-fixed-shell-o-d79ed-e-with-Ctrl-K-and-navigates-firefox\error-context.md

    attachment #2: trace (application/zip) ─────────────────────────────────────────────────────────
    test-results\app-viewport-fixed-shell-o-d79ed-e-with-Ctrl-K-and-navigates-firefox\trace.zip
    Usage:

        pnpm exec playwright show-trace test-results\app-viewport-fixed-shell-o-d79ed-e-with-Ctrl-K-and-navigates-firefox\trace.zip

    ────────────────────────────────────────────────────────────────────────────────────────────────

  9) [firefox] › e2e\app.spec.ts:255:3 › viewport-fixed shell › shows the launcher in the safe area and a full-height bottom sheet on mobile 

    Error: browserType.launch: spawn UNKNOWN
    Call log:
      - <launching> C:\Users\Soheil\AppData\Local\ms-playwright\firefox-1538\firefox\firefox.exe -no-remote -headless -profile C:\Users\Soheil\AppData\Local\Temp\playwright_firefoxdev_profile-Gq46L5 -juggler-pipe -silent


    Error Context: test-results\app-viewport-fixed-shell-s-5adf4-ight-bottom-sheet-on-mobile-firefox\error-context.md

    attachment #2: trace (application/zip) ─────────────────────────────────────────────────────────
    test-results\app-viewport-fixed-shell-s-5adf4-ight-bottom-sheet-on-mobile-firefox\trace.zip
    Usage:

        pnpm exec playwright show-trace test-results\app-viewport-fixed-shell-s-5adf4-ight-bottom-sheet-on-mobile-firefox\trace.zip

    ────────────────────────────────────────────────────────────────────────────────────────────────

  10) [firefox] › e2e\app.spec.ts:281:5 › responsive header › at 320 px the shell is exactly viewport-wide and the site switcher, the Track AI launcher and the account menu stay inside it 

    Error: browserType.launch: spawn UNKNOWN
    Call log:
      - <launching> C:\Users\Soheil\AppData\Local\ms-playwright\firefox-1538\firefox\firefox.exe -no-remote -headless -profile C:\Users\Soheil\AppData\Local\Temp\playwright_firefoxdev_profile-wAjx6p -juggler-pipe -silent


    Error Context: test-results\app-responsive-header-at-3-ea220-account-menu-stay-inside-it-firefox\error-context.md

    attachment #2: trace (application/zip) ─────────────────────────────────────────────────────────
    test-results\app-responsive-header-at-3-ea220-account-menu-stay-inside-it-firefox\trace.zip
    Usage:

        pnpm exec playwright show-trace test-results\app-responsive-header-at-3-ea220-account-menu-stay-inside-it-firefox\trace.zip

    ────────────────────────────────────────────────────────────────────────────────────────────────

  11) [firefox] › e2e\app.spec.ts:281:5 › responsive header › at 375 px the shell is exactly viewport-wide and the site switcher, the Track AI launcher and the account menu stay inside it 

    Error: browserType.launch: spawn UNKNOWN
    Call log:
      - <launching> C:\Users\Soheil\AppData\Local\ms-playwright\firefox-1538\firefox\firefox.exe -no-remote -headless -profile C:\Users\Soheil\AppData\Local\Temp\playwright_firefoxdev_profile-KGkwC1 -juggler-pipe -silent


    Error Context: test-results\app-responsive-header-at-3-35a9e-account-menu-stay-inside-it-firefox\error-context.md

    attachment #2: trace (application/zip) ─────────────────────────────────────────────────────────
    test-results\app-responsive-header-at-3-35a9e-account-menu-stay-inside-it-firefox\trace.zip
    Usage:

        pnpm exec playwright show-trace test-results\app-responsive-header-at-3-35a9e-account-menu-stay-inside-it-firefox\trace.zip

    ────────────────────────────────────────────────────────────────────────────────────────────────

  12) [firefox] › e2e\app.spec.ts:281:5 › responsive header › at 768 px the shell is exactly viewport-wide and the site switcher, the Track AI launcher and the account menu stay inside it 

    Error: browserType.launch: spawn UNKNOWN
    Call log:
      - <launching> C:\Users\Soheil\AppData\Local\ms-playwright\firefox-1538\firefox\firefox.exe -no-remote -headless -profile C:\Users\Soheil\AppData\Local\Temp\playwright_firefoxdev_profile-0gbgOq -juggler-pipe -silent


    Error Context: test-results\app-responsive-header-at-7-fb5fe-account-menu-stay-inside-it-firefox\error-context.md

    attachment #2: trace (application/zip) ─────────────────────────────────────────────────────────
    test-results\app-responsive-header-at-7-fb5fe-account-menu-stay-inside-it-firefox\trace.zip
    Usage:

        pnpm exec playwright show-trace test-results\app-responsive-header-at-7-fb5fe-account-menu-stay-inside-it-firefox\trace.zip

    ────────────────────────────────────────────────────────────────────────────────────────────────

  13) [firefox] › e2e\app.spec.ts:316:3 › responsive header › below `sm` the command palette opens from the navigation drawer 

    Error: browserType.launch: spawn UNKNOWN
    Call log:
      - <launching> C:\Users\Soheil\AppData\Local\ms-playwright\firefox-1538\firefox\firefox.exe -no-remote -headless -profile C:\Users\Soheil\AppData\Local\Temp\playwright_firefoxdev_profile-F4VKq0 -juggler-pipe -silent


    Error Context: test-results\app-responsive-header-belo-a99be--from-the-navigation-drawer-firefox\error-context.md

    attachment #2: trace (application/zip) ─────────────────────────────────────────────────────────
    test-results\app-responsive-header-belo-a99be--from-the-navigation-drawer-firefox\trace.zip
    Usage:

        pnpm exec playwright show-trace test-results\app-responsive-header-belo-a99be--from-the-navigation-drawer-firefox\trace.zip

    ────────────────────────────────────────────────────────────────────────────────────────────────

  14) [firefox] › e2e\app.spec.ts:328:3 › keyboard focus in the header › the workspace switcher triggers and the account menu render a visible focus ring 

    Error: browserType.launch: spawn UNKNOWN
    Call log:
      - <launching> C:\Users\Soheil\AppData\Local\ms-playwright\firefox-1538\firefox\firefox.exe -no-remote -headless -profile C:\Users\Soheil\AppData\Local\Temp\playwright_firefoxdev_profile-jFKKPg -juggler-pipe -silent


    Error Context: test-results\app-keyboard-focus-in-the--be3ea-render-a-visible-focus-ring-firefox\error-context.md

    attachment #2: trace (application/zip) ─────────────────────────────────────────────────────────
    test-results\app-keyboard-focus-in-the--be3ea-render-a-visible-focus-ring-firefox\trace.zip
    Usage:

        pnpm exec playwright show-trace test-results\app-keyboard-focus-in-the--be3ea-render-a-visible-focus-ring-firefox\trace.zip

    ────────────────────────────────────────────────────────────────────────────────────────────────

  15) [firefox] › e2e\app.spec.ts:363:3 › Track AI panel › keeps the shell exactly viewport-high with a 250-message conversation and windows the list 

    Error: browserType.launch: spawn UNKNOWN
    Call log:
      - <launching> C:\Users\Soheil\AppData\Local\ms-playwright\firefox-1538\firefox\firefox.exe -no-remote -headless -profile C:\Users\Soheil\AppData\Local\Temp\playwright_firefoxdev_profile-vutDTm -juggler-pipe -silent


    Error Context: test-results\app-Track-AI-panel-keeps-t-5ed20-sation-and-windows-the-list-firefox\error-context.md

    attachment #2: trace (application/zip) ─────────────────────────────────────────────────────────
    test-results\app-Track-AI-panel-keeps-t-5ed20-sation-and-windows-the-list-firefox\trace.zip
    Usage:

        pnpm exec playwright show-trace test-results\app-Track-AI-panel-keeps-t-5ed20-sation-and-windows-the-list-firefox\trace.zip

    ────────────────────────────────────────────────────────────────────────────────────────────────

  16) [firefox] › e2e\app.spec.ts:404:3 › Track AI panel › motion preference off produces no animated frame: the core reports the static tier 

    Error: browserType.launch: spawn UNKNOWN
    Call log:
      - <launching> C:\Users\Soheil\AppData\Local\ms-playwright\firefox-1538\firefox\firefox.exe -no-remote -headless -profile C:\Users\Soheil\AppData\Local\Temp\playwright_firefoxdev_profile-Q2YD6J -juggler-pipe -silent


    Error Context: test-results\app-Track-AI-panel-motion--e188e-ore-reports-the-static-tier-firefox\error-context.md

    attachment #2: trace (application/zip) ─────────────────────────────────────────────────────────
    test-results\app-Track-AI-panel-motion--e188e-ore-reports-the-static-tier-firefox\trace.zip
    Usage:

        pnpm exec playwright show-trace test-results\app-Track-AI-panel-motion--e188e-ore-reports-the-static-tier-firefox\trace.zip

    ────────────────────────────────────────────────────────────────────────────────────────────────

  17) [firefox] › e2e\app.spec.ts:451:3 › Track AI panel › prefers-reduced-motion renders the static tier from the server on, without an animation flash 

    Error: browserType.launch: spawn UNKNOWN
    Call log:
      - <launching> C:\Users\Soheil\AppData\Local\ms-playwright\firefox-1538\firefox\firefox.exe -no-remote -headless -profile C:\Users\Soheil\AppData\Local\Temp\playwright_firefoxdev_profile-L2IWE9 -juggler-pipe -silent


    Error Context: test-results\app-Track-AI-panel-prefers-d9d64--without-an-animation-flash-firefox\error-context.md

    attachment #2: trace (application/zip) ─────────────────────────────────────────────────────────
    test-results\app-Track-AI-panel-prefers-d9d64--without-an-animation-flash-firefox\trace.zip
    Usage:

        pnpm exec playwright show-trace test-results\app-Track-AI-panel-prefers-d9d64--without-an-animation-flash-firefox\trace.zip

    ────────────────────────────────────────────────────────────────────────────────────────────────

  18) [firefox] › e2e\app.spec.ts:469:3 › Track AI panel › exposes the activity live region, the motion state and the setup workspace targets 

    Error: browserType.launch: spawn UNKNOWN
    Call log:
      - <launching> C:\Users\Soheil\AppData\Local\ms-playwright\firefox-1538\firefox\firefox.exe -no-remote -headless -profile C:\Users\Soheil\AppData\Local\Temp\playwright_firefoxdev_profile-2f3rCZ -juggler-pipe -silent


    Error Context: test-results\app-Track-AI-panel-exposes-57ec9-the-setup-workspace-targets-firefox\error-context.md

    attachment #2: trace (application/zip) ─────────────────────────────────────────────────────────
    test-results\app-Track-AI-panel-exposes-57ec9-the-setup-workspace-targets-firefox\trace.zip
    Usage:

        pnpm exec playwright show-trace test-results\app-Track-AI-panel-exposes-57ec9-the-setup-workspace-targets-firefox\trace.zip

    ────────────────────────────────────────────────────────────────────────────────────────────────

  19) [firefox] › e2e\app.spec.ts:528:3 › mobile on-screen keyboard › the sheet follows the visual viewport: composer and last message stay visible above the keyboard, nothing shifts 

    Error: browserType.launch: spawn UNKNOWN
    Call log:
      - <launching> C:\Users\Soheil\AppData\Local\ms-playwright\firefox-1538\firefox\firefox.exe -no-remote -headless -profile C:\Users\Soheil\AppData\Local\Temp\playwright_firefoxdev_profile-Asi0ZW -juggler-pipe -silent


    Error Context: test-results\app-mobile-on-screen-keybo-f8ebd-the-keyboard-nothing-shifts-firefox\error-context.md

    attachment #2: trace (application/zip) ─────────────────────────────────────────────────────────
    test-results\app-mobile-on-screen-keybo-f8ebd-the-keyboard-nothing-shifts-firefox\trace.zip
    Usage:

        pnpm exec playwright show-trace test-results\app-mobile-on-screen-keybo-f8ebd-the-keyboard-nothing-shifts-firefox\trace.zip

    ────────────────────────────────────────────────────────────────────────────────────────────────

  20) [firefox] › e2e\app.spec.ts:653:3 › Track AI state across routes and sites › the transcript, the scroll position, the draft and the panel geometry survive a route change 

    Error: browserType.launch: spawn UNKNOWN
    Call log:
      - <launching> C:\Users\Soheil\AppData\Local\ms-playwright\firefox-1538\firefox\firefox.exe -no-remote -headless -profile C:\Users\Soheil\AppData\Local\Temp\playwright_firefoxdev_profile-EXbiFf -juggler-pipe -silent


    Error Context: test-results\app-Track-AI-state-across--847bc-etry-survive-a-route-change-firefox\error-context.md

    attachment #2: trace (application/zip) ─────────────────────────────────────────────────────────
    test-results\app-Track-AI-state-across--847bc-etry-survive-a-route-change-firefox\trace.zip
    Usage:

        pnpm exec playwright show-trace test-results\app-Track-AI-state-across--847bc-etry-survive-a-route-change-firefox\trace.zip

    ────────────────────────────────────────────────────────────────────────────────────────────────

  21) [firefox] › e2e\app.spec.ts:688:3 › Track AI state across routes and sites › a site switch confirms the new context visibly and never shows the other site's transcript 

    Error: browserType.launch: spawn UNKNOWN
    Call log:
      - <launching> C:\Users\Soheil\AppData\Local\ms-playwright\firefox-1538\firefox\firefox.exe -no-remote -headless -profile C:\Users\Soheil\AppData\Local\Temp\playwright_firefoxdev_profile-oqJ5cg -juggler-pipe -silent


    Error Context: test-results\app-Track-AI-state-across--35cf3-the-other-site-s-transcript-firefox\error-context.md

    attachment #2: trace (application/zip) ─────────────────────────────────────────────────────────
    test-results\app-Track-AI-state-across--35cf3-the-other-site-s-transcript-firefox\trace.zip
    Usage:

        pnpm exec playwright show-trace test-results\app-Track-AI-state-across--35cf3-the-other-site-s-transcript-firefox\trace.zip

    ────────────────────────────────────────────────────────────────────────────────────────────────

  22) [firefox] › e2e\marketing.spec.ts:20:5 › marketing site › home renders with lang="en", one h1, self canonical, hreflang alternates for six locales + x-default and no serious accessibility violations 

    Error: browserType.launch: spawn UNKNOWN
    Call log:
      - <launching> C:\Users\Soheil\AppData\Local\ms-playwright\firefox-1538\firefox\firefox.exe -no-remote -headless -profile C:\Users\Soheil\AppData\Local\Temp\playwright_firefoxdev_profile-Dalxfz -juggler-pipe -silent


    Error Context: test-results\marketing-marketing-site-h-bcd39-us-accessibility-violations-firefox\error-context.md

    attachment #2: trace (application/zip) ─────────────────────────────────────────────────────────
    test-results\marketing-marketing-site-h-bcd39-us-accessibility-violations-firefox\trace.zip
    Usage:

        pnpm exec playwright show-trace test-results\marketing-marketing-site-h-bcd39-us-accessibility-violations-firefox\trace.zip

    ────────────────────────────────────────────────────────────────────────────────────────────────

  23) [firefox] › e2e\marketing.spec.ts:20:5 › marketing site › home renders with lang="de", one h1, self canonical, hreflang alternates for six locales + x-default and no serious accessibility violations 

    Error: browserType.launch: spawn UNKNOWN
    Call log:
      - <launching> C:\Users\Soheil\AppData\Local\ms-playwright\firefox-1538\firefox\firefox.exe -no-remote -headless -profile C:\Users\Soheil\AppData\Local\Temp\playwright_firefoxdev_profile-czm7i0 -juggler-pipe -silent


    Error Context: test-results\marketing-marketing-site-h-a3304-us-accessibility-violations-firefox\error-context.md

    attachment #2: trace (application/zip) ─────────────────────────────────────────────────────────
    test-results\marketing-marketing-site-h-a3304-us-accessibility-violations-firefox\trace.zip
    Usage:

        pnpm exec playwright show-trace test-results\marketing-marketing-site-h-a3304-us-accessibility-violations-firefox\trace.zip

    ────────────────────────────────────────────────────────────────────────────────────────────────

  24) [firefox] › e2e\marketing.spec.ts:20:5 › marketing site › home renders with lang="fr", one h1, self canonical, hreflang alternates for six locales + x-default and no serious accessibility violations 

    Error: browserType.launch: spawn UNKNOWN
    Call log:
      - <launching> C:\Users\Soheil\AppData\Local\ms-playwright\firefox-1538\firefox\firefox.exe -no-remote -headless -profile C:\Users\Soheil\AppData\Local\Temp\playwright_firefoxdev_profile-ofNetr -juggler-pipe -silent


    Error Context: test-results\marketing-marketing-site-h-6f754-us-accessibility-violations-firefox\error-context.md

    attachment #2: trace (application/zip) ─────────────────────────────────────────────────────────
    test-results\marketing-marketing-site-h-6f754-us-accessibility-violations-firefox\trace.zip
    Usage:

        pnpm exec playwright show-trace test-results\marketing-marketing-site-h-6f754-us-accessibility-violations-firefox\trace.zip

    ────────────────────────────────────────────────────────────────────────────────────────────────

  25) [firefox] › e2e\marketing.spec.ts:20:5 › marketing site › home renders with lang="es", one h1, self canonical, hreflang alternates for six locales + x-default and no serious accessibility violations 

    Error: browserType.launch: spawn UNKNOWN
    Call log:
      - <launching> C:\Users\Soheil\AppData\Local\ms-playwright\firefox-1538\firefox\firefox.exe -no-remote -headless -profile C:\Users\Soheil\AppData\Local\Temp\playwright_firefoxdev_profile-IvXN2N -juggler-pipe -silent


    Error Context: test-results\marketing-marketing-site-h-35eaa-us-accessibility-violations-firefox\error-context.md

    attachment #2: trace (application/zip) ─────────────────────────────────────────────────────────
    test-results\marketing-marketing-site-h-35eaa-us-accessibility-violations-firefox\trace.zip
    Usage:

        pnpm exec playwright show-trace test-results\marketing-marketing-site-h-35eaa-us-accessibility-violations-firefox\trace.zip

    ────────────────────────────────────────────────────────────────────────────────────────────────

  26) [firefox] › e2e\marketing.spec.ts:20:5 › marketing site › home renders with lang="it", one h1, self canonical, hreflang alternates for six locales + x-default and no serious accessibility violations 

    Error: browserType.launch: spawn UNKNOWN
    Call log:
      - <launching> C:\Users\Soheil\AppData\Local\ms-playwright\firefox-1538\firefox\firefox.exe -no-remote -headless -profile C:\Users\Soheil\AppData\Local\Temp\playwright_firefoxdev_profile-1Dh3cj -juggler-pipe -silent


    Error Context: test-results\marketing-marketing-site-h-e5783-us-accessibility-violations-firefox\error-context.md

    attachment #2: trace (application/zip) ─────────────────────────────────────────────────────────
    test-results\marketing-marketing-site-h-e5783-us-accessibility-violations-firefox\trace.zip
    Usage:

        pnpm exec playwright show-trace test-results\marketing-marketing-site-h-e5783-us-accessibility-violations-firefox\trace.zip

    ────────────────────────────────────────────────────────────────────────────────────────────────

  27) [firefox] › e2e\marketing.spec.ts:20:5 › marketing site › home renders with lang="nl", one h1, self canonical, hreflang alternates for six locales + x-default and no serious accessibility violations 

    Error: browserType.launch: spawn UNKNOWN
    Call log:
      - <launching> C:\Users\Soheil\AppData\Local\ms-playwright\firefox-1538\firefox\firefox.exe -no-remote -headless -profile C:\Users\Soheil\AppData\Local\Temp\playwright_firefoxdev_profile-9zfeRX -juggler-pipe -silent


    Error Context: test-results\marketing-marketing-site-h-db692-us-accessibility-violations-firefox\error-context.md

    attachment #2: trace (application/zip) ─────────────────────────────────────────────────────────
    test-results\marketing-marketing-site-h-db692-us-accessibility-violations-firefox\trace.zip
    Usage:

        pnpm exec playwright show-trace test-results\marketing-marketing-site-h-db692-us-accessibility-violations-firefox\trace.zip

    ────────────────────────────────────────────────────────────────────────────────────────────────

  28) [firefox] › e2e\marketing.spec.ts:50:7 › marketing site › responsive layout › /fr at 320 px: no horizontal page scroll, heading and CTA inside the viewport, demo content inside its frame 

    Error: browserType.launch: spawn UNKNOWN
    Call log:
      - <launching> C:\Users\Soheil\AppData\Local\ms-playwright\firefox-1538\firefox\firefox.exe -no-remote -headless -profile C:\Users\Soheil\AppData\Local\Temp\playwright_firefoxdev_profile-LYNsef -juggler-pipe -silent


    Error Context: test-results\marketing-marketing-site-r-35893-mo-content-inside-its-frame-firefox\error-context.md

    attachment #2: trace (application/zip) ─────────────────────────────────────────────────────────
    test-results\marketing-marketing-site-r-35893-mo-content-inside-its-frame-firefox\trace.zip
    Usage:

        pnpm exec playwright show-trace test-results\marketing-marketing-site-r-35893-mo-content-inside-its-frame-firefox\trace.zip

    ────────────────────────────────────────────────────────────────────────────────────────────────

  29) [firefox] › e2e\marketing.spec.ts:50:7 › marketing site › responsive layout › /en at 1024 px: no horizontal page scroll, heading and CTA inside the viewport, demo content inside its frame 

    Error: browserType.launch: spawn UNKNOWN
    Call log:
      - <launching> C:\Users\Soheil\AppData\Local\ms-playwright\firefox-1538\firefox\firefox.exe -no-remote -headless -profile C:\Users\Soheil\AppData\Local\Temp\playwright_firefoxdev_profile-2on3nk -juggler-pipe -silent


    Error Context: test-results\marketing-marketing-site-r-882e1-mo-content-inside-its-frame-firefox\error-context.md

    attachment #2: trace (application/zip) ─────────────────────────────────────────────────────────
    test-results\marketing-marketing-site-r-882e1-mo-content-inside-its-frame-firefox\trace.zip
    Usage:

        pnpm exec playwright show-trace test-results\marketing-marketing-site-r-882e1-mo-content-inside-its-frame-firefox\trace.zip

    ────────────────────────────────────────────────────────────────────────────────────────────────

  30) [firefox] › e2e\marketing.spec.ts:50:7 › marketing site › responsive layout › /nl at 1024 px: no horizontal page scroll, heading and CTA inside the viewport, demo content inside its frame 

    Error: browserType.launch: spawn UNKNOWN
    Call log:
      - <launching> C:\Users\Soheil\AppData\Local\ms-playwright\firefox-1538\firefox\firefox.exe -no-remote -headless -profile C:\Users\Soheil\AppData\Local\Temp\playwright_firefoxdev_profile-6keJZ4 -juggler-pipe -silent


    Error Context: test-results\marketing-marketing-site-r-45db9-mo-content-inside-its-frame-firefox\error-context.md

    attachment #2: trace (application/zip) ─────────────────────────────────────────────────────────
    test-results\marketing-marketing-site-r-45db9-mo-content-inside-its-frame-firefox\trace.zip
    Usage:

        pnpm exec playwright show-trace test-results\marketing-marketing-site-r-45db9-mo-content-inside-its-frame-firefox\trace.zip

    ────────────────────────────────────────────────────────────────────────────────────────────────

  31) [firefox] › e2e\marketing.spec.ts:50:7 › marketing site › responsive layout › /en at 1280 px: no horizontal page scroll, heading and CTA inside the viewport, demo content inside its frame 

    Error: browserType.launch: spawn UNKNOWN
    Call log:
      - <launching> C:\Users\Soheil\AppData\Local\ms-playwright\firefox-1538\firefox\firefox.exe -no-remote -headless -profile C:\Users\Soheil\AppData\Local\Temp\playwright_firefoxdev_profile-vad4HV -juggler-pipe -silent


    Error Context: test-results\marketing-marketing-site-r-4e2b3-mo-content-inside-its-frame-firefox\error-context.md

    attachment #2: trace (application/zip) ─────────────────────────────────────────────────────────
    test-results\marketing-marketing-site-r-4e2b3-mo-content-inside-its-frame-firefox\trace.zip
    Usage:

        pnpm exec playwright show-trace test-results\marketing-marketing-site-r-4e2b3-mo-content-inside-its-frame-firefox\trace.zip

    ────────────────────────────────────────────────────────────────────────────────────────────────

  32) [firefox] › e2e\marketing.spec.ts:50:7 › marketing site › responsive layout › /fr/pricing at 320 px: no horizontal page scroll, heading and CTA inside the viewport, demo content inside its frame 

    Error: browserType.launch: spawn UNKNOWN
    Call log:
      - <launching> C:\Users\Soheil\AppData\Local\ms-playwright\firefox-1538\firefox\firefox.exe -no-remote -headless -profile C:\Users\Soheil\AppData\Local\Temp\playwright_firefoxdev_profile-Q5RiNT -juggler-pipe -silent


    Error Context: test-results\marketing-marketing-site-r-f03b0-mo-content-inside-its-frame-firefox\error-context.md

    attachment #2: trace (application/zip) ─────────────────────────────────────────────────────────
    test-results\marketing-marketing-site-r-f03b0-mo-content-inside-its-frame-firefox\trace.zip
    Usage:

        pnpm exec playwright show-trace test-results\marketing-marketing-site-r-f03b0-mo-content-inside-its-frame-firefox\trace.zip

    ────────────────────────────────────────────────────────────────────────────────────────────────

  33) [firefox] › e2e\marketing.spec.ts:50:7 › marketing site › responsive layout › /de/pricing at 768 px: no horizontal page scroll, heading and CTA inside the viewport, demo content inside its frame 

    Error: browserType.launch: spawn UNKNOWN
    Call log:
      - <launching> C:\Users\Soheil\AppData\Local\ms-playwright\firefox-1538\firefox\firefox.exe -no-remote -headless -profile C:\Users\Soheil\AppData\Local\Temp\playwright_firefoxdev_profile-Bi3Fxa -juggler-pipe -silent


    Error Context: test-results\marketing-marketing-site-r-be434-mo-content-inside-its-frame-firefox\error-context.md

    attachment #2: trace (application/zip) ─────────────────────────────────────────────────────────
    test-results\marketing-marketing-site-r-be434-mo-content-inside-its-frame-firefox\trace.zip
    Usage:

        pnpm exec playwright show-trace test-results\marketing-marketing-site-r-be434-mo-content-inside-its-frame-firefox\trace.zip

    ────────────────────────────────────────────────────────────────────────────────────────────────

  34) [firefox] › e2e\marketing.spec.ts:50:7 › marketing site › responsive layout › /nl/pricing at 1024 px: no horizontal page scroll, heading and CTA inside the viewport, demo content inside its frame 

    Error: browserType.launch: spawn UNKNOWN
    Call log:
      - <launching> C:\Users\Soheil\AppData\Local\ms-playwright\firefox-1538\firefox\firefox.exe -no-remote -headless -profile C:\Users\Soheil\AppData\Local\Temp\playwright_firefoxdev_profile-yvwFgY -juggler-pipe -silent


    Error Context: test-results\marketing-marketing-site-r-f39e1-mo-content-inside-its-frame-firefox\error-context.md

    attachment #2: trace (application/zip) ─────────────────────────────────────────────────────────
    test-results\marketing-marketing-site-r-f39e1-mo-content-inside-its-frame-firefox\trace.zip
    Usage:

        pnpm exec playwright show-trace test-results\marketing-marketing-site-r-f39e1-mo-content-inside-its-frame-firefox\trace.zip

    ────────────────────────────────────────────────────────────────────────────────────────────────

  35) [firefox] › e2e\marketing.spec.ts:110:3 › marketing site › the language switcher leads to the same page in the other language 

    Error: browserType.launch: spawn UNKNOWN
    Call log:
      - <launching> C:\Users\Soheil\AppData\Local\ms-playwright\firefox-1538\firefox\firefox.exe -no-remote -headless -profile C:\Users\Soheil\AppData\Local\Temp\playwright_firefoxdev_profile-RJd8Kb -juggler-pipe -silent


    Error Context: test-results\marketing-marketing-site-t-ac688--page-in-the-other-language-firefox\error-context.md

    attachment #2: trace (application/zip) ─────────────────────────────────────────────────────────
    test-results\marketing-marketing-site-t-ac688--page-in-the-other-language-firefox\trace.zip
    Usage:

        pnpm exec playwright show-trace test-results\marketing-marketing-site-t-ac688--page-in-the-other-language-firefox\trace.zip

    ────────────────────────────────────────────────────────────────────────────────────────────────

  36) [firefox] › e2e\marketing.spec.ts:126:3 › marketing site › Tracking Knowledge index lists articles and an article renders with the article template, BlogPosting/TechArticle + BreadcrumbList JSON-LD and a large social card 

    Error: browserType.launch: spawn UNKNOWN
    Call log:
      - <launching> C:\Users\Soheil\AppData\Local\ms-playwright\firefox-1538\firefox\firefox.exe -no-remote -headless -profile C:\Users\Soheil\AppData\Local\Temp\playwright_firefoxdev_profile-Qun9Z3 -juggler-pipe -silent


    Error Context: test-results\marketing-marketing-site-T-06d57--LD-and-a-large-social-card-firefox\error-context.md

    attachment #2: trace (application/zip) ─────────────────────────────────────────────────────────
    test-results\marketing-marketing-site-T-06d57--LD-and-a-large-social-card-firefox\trace.zip
    Usage:

        pnpm exec playwright show-trace test-results\marketing-marketing-site-T-06d57--LD-and-a-large-social-card-firefox\trace.zip

    ────────────────────────────────────────────────────────────────────────────────────────────────

  37) [firefox] › e2e\marketing.spec.ts:192:3 › marketing site › pricing never shows invented amounts: either Stripe prices or the honest empty state 

    Error: browserType.launch: spawn UNKNOWN
    Call log:
      - <launching> C:\Users\Soheil\AppData\Local\ms-playwright\firefox-1538\firefox\firefox.exe -no-remote -headless -profile C:\Users\Soheil\AppData\Local\Temp\playwright_firefoxdev_profile-JBwM4g -juggler-pipe -silent


    Error Context: test-results\marketing-marketing-site-p-183f6-s-or-the-honest-empty-state-firefox\error-context.md

    attachment #2: trace (application/zip) ─────────────────────────────────────────────────────────
    test-results\marketing-marketing-site-p-183f6-s-or-the-honest-empty-state-firefox\trace.zip
    Usage:

        pnpm exec playwright show-trace test-results\marketing-marketing-site-p-183f6-s-or-the-honest-empty-state-firefox\trace.zip

    ────────────────────────────────────────────────────────────────────────────────────────────────

  38) [firefox] › e2e\marketing.spec.ts:201:3 › marketing site › legal pages carry the operator identity from the environment or state that it is missing 

    Error: browserType.launch: spawn UNKNOWN
    Call log:
      - <launching> C:\Users\Soheil\AppData\Local\ms-playwright\firefox-1538\firefox\firefox.exe -no-remote -headless -profile C:\Users\Soheil\AppData\Local\Temp\playwright_firefoxdev_profile-nD9eim -juggler-pipe -silent


    Error Context: test-results\marketing-marketing-site-l-1ebc0-or-state-that-it-is-missing-firefox\error-context.md

    attachment #2: trace (application/zip) ─────────────────────────────────────────────────────────
    test-results\marketing-marketing-site-l-1ebc0-or-state-that-it-is-missing-firefox\trace.zip
    Usage:

        pnpm exec playwright show-trace test-results\marketing-marketing-site-l-1ebc0-or-state-that-it-is-missing-firefox\trace.zip

    ────────────────────────────────────────────────────────────────────────────────────────────────

  38 failed
    [firefox] › e2e\app.spec.ts:29:3 › sign-in › signs in with the seeded owner, lists sites and opens the shop connection page 
    [firefox] › e2e\app.spec.ts:46:3 › dashboard › the module pages render one h1 each inside the shell for the signed-in owner 
    [firefox] › e2e\app.spec.ts:68:3 › dashboard › redirects the renamed dashboard paths permanently 
    [firefox] › e2e\app.spec.ts:84:3 › alerts & incident mode › renders /app/settings/alerts with Incident Mode, channels, rules and an honest history state 
    [firefox] › e2e\app.spec.ts:112:3 › alerts & incident mode › creates a webhook channel and a rule with a plain-language preview, then removes both 
    [firefox] › e2e\app.spec.ts:157:3 › alerts & incident mode › saves the per-user AI motion preference and exposes it on the dashboard root 
    [firefox] › e2e\app.spec.ts:184:3 › viewport-fixed shell › keeps the document at viewport height with independent scroll areas and the Track AI panel docked on desktop 
    [firefox] › e2e\app.spec.ts:244:3 › viewport-fixed shell › opens the command palette with Ctrl+K and navigates 
    [firefox] › e2e\app.spec.ts:255:3 › viewport-fixed shell › shows the launcher in the safe area and a full-height bottom sheet on mobile 
    [firefox] › e2e\app.spec.ts:281:5 › responsive header › at 320 px the shell is exactly viewport-wide and the site switcher, the Track AI launcher and the account menu stay inside it 
    [firefox] › e2e\app.spec.ts:281:5 › responsive header › at 375 px the shell is exactly viewport-wide and the site switcher, the Track AI launcher and the account menu stay inside it 
    [firefox] › e2e\app.spec.ts:281:5 › responsive header › at 768 px the shell is exactly viewport-wide and the site switcher, the Track AI launcher and the account menu stay inside it 
    [firefox] › e2e\app.spec.ts:316:3 › responsive header › below `sm` the command palette opens from the navigation drawer 
    [firefox] › e2e\app.spec.ts:328:3 › keyboard focus in the header › the workspace switcher triggers and the account menu render a visible focus ring 
    [firefox] › e2e\app.spec.ts:363:3 › Track AI panel › keeps the shell exactly viewport-high with a 250-message conversation and windows the list 
    [firefox] › e2e\app.spec.ts:404:3 › Track AI panel › motion preference off produces no animated frame: the core reports the static tier 
    [firefox] › e2e\app.spec.ts:451:3 › Track AI panel › prefers-reduced-motion renders the static tier from the server on, without an animation flash 
    [firefox] › e2e\app.spec.ts:469:3 › Track AI panel › exposes the activity live region, the motion state and the setup workspace targets 
    [firefox] › e2e\app.spec.ts:528:3 › mobile on-screen keyboard › the sheet follows the visual viewport: composer and last message stay visible above the keyboard, nothing shifts 
    [firefox] › e2e\app.spec.ts:653:3 › Track AI state across routes and sites › the transcript, the scroll position, the draft and the panel geometry survive a route change 
    [firefox] › e2e\app.spec.ts:688:3 › Track AI state across routes and sites › a site switch confirms the new context visibly and never shows the other site's transcript 
    [firefox] › e2e\marketing.spec.ts:20:5 › marketing site › home renders with lang="en", one h1, self canonical, hreflang alternates for six locales + x-default and no serious accessibility violations 
    [firefox] › e2e\marketing.spec.ts:20:5 › marketing site › home renders with lang="de", one h1, self canonical, hreflang alternates for six locales + x-default and no serious accessibility violations 
    [firefox] › e2e\marketing.spec.ts:20:5 › marketing site › home renders with lang="fr", one h1, self canonical, hreflang alternates for six locales + x-default and no serious accessibility violations 
    [firefox] › e2e\marketing.spec.ts:20:5 › marketing site › home renders with lang="es", one h1, self canonical, hreflang alternates for six locales + x-default and no serious accessibility violations 
    [firefox] › e2e\marketing.spec.ts:20:5 › marketing site › home renders with lang="it", one h1, self canonical, hreflang alternates for six locales + x-default and no serious accessibility violations 
    [firefox] › e2e\marketing.spec.ts:20:5 › marketing site › home renders with lang="nl", one h1, self canonical, hreflang alternates for six locales + x-default and no serious accessibility violations 
    [firefox] › e2e\marketing.spec.ts:50:7 › marketing site › responsive layout › /fr at 320 px: no horizontal page scroll, heading and CTA inside the viewport, demo content inside its frame 
    [firefox] › e2e\marketing.spec.ts:50:7 › marketing site › responsive layout › /en at 1024 px: no horizontal page scroll, heading and CTA inside the viewport, demo content inside its frame 
    [firefox] › e2e\marketing.spec.ts:50:7 › marketing site › responsive layout › /nl at 1024 px: no horizontal page scroll, heading and CTA inside the viewport, demo content inside its frame 
    [firefox] › e2e\marketing.spec.ts:50:7 › marketing site › responsive layout › /en at 1280 px: no horizontal page scroll, heading and CTA inside the viewport, demo content inside its frame 
    [firefox] › e2e\marketing.spec.ts:50:7 › marketing site › responsive layout › /fr/pricing at 320 px: no horizontal page scroll, heading and CTA inside the viewport, demo content inside its frame 
    [firefox] › e2e\marketing.spec.ts:50:7 › marketing site › responsive layout › /de/pricing at 768 px: no horizontal page scroll, heading and CTA inside the viewport, demo content inside its frame 
    [firefox] › e2e\marketing.spec.ts:50:7 › marketing site › responsive layout › /nl/pricing at 1024 px: no horizontal page scroll, heading and CTA inside the viewport, demo content inside its frame 
    [firefox] › e2e\marketing.spec.ts:110:3 › marketing site › the language switcher leads to the same page in the other language 
    [firefox] › e2e\marketing.spec.ts:126:3 › marketing site › Tracking Knowledge index lists articles and an article renders with the article template, BlogPosting/TechArticle + BreadcrumbList JSON-LD and a large social card 
    [firefox] › e2e\marketing.spec.ts:192:3 › marketing site › pricing never shows invented amounts: either Stripe prices or the honest empty state 
    [firefox] › e2e\marketing.spec.ts:201:3 › marketing site › legal pages carry the operator identity from the environment or state that it is missing 
  5 passed (17.8s)
exit=1
