[2026-09-05T16:13:55.670Z] living-core-budget soak: base=http://localhost:3016 gl=d3d11 shell=C:/Users/Soheil/AppData/Local/ms-playwright/chromium_headless_shell-1234/chrome-headless-shell-win64/chrome-headless-shell.exe
[2026-09-05T16:14:04.179Z] sample start t=0s gc=0 state=idle tier=webgl msgs=26 heapUsed=8.27MB nodes=1094 listeners(chrome)=457 net(page)=314 canvas=1 rafFired=313 longTasks=1
[2026-09-05T16:14:04.230Z] sample start-gc t=0s gc=1 state=idle tier=webgl msgs=26 heapUsed=6.04MB nodes=1017 listeners(chrome)=380 net(page)=314 canvas=1 rafFired=316 longTasks=1
[2026-09-05T16:15:06.443Z] sample m1 t=62s gc=0 state=working tier=webgl msgs=27 heapUsed=9.82MB nodes=1046 listeners(chrome)=868 net(page)=327 canvas=1 rafFired=4049 longTasks=1
[2026-09-05T16:16:14.548Z] sample m2 t=130s gc=0 state=listening tier=webgl msgs=31 heapUsed=8.85MB nodes=1090 listeners(chrome)=552 net(page)=327 canvas=1 rafFired=8133 longTasks=1
[2026-09-05T16:17:06.426Z] sample m3 t=182s gc=0 state=working tier=webgl msgs=32 heapUsed=10.44MB nodes=1102 listeners(chrome)=1060 net(page)=327 canvas=1 rafFired=11245 longTasks=1
[2026-09-05T16:18:14.483Z] sample m4 t=250s gc=0 state=listening tier=webgl msgs=36 heapUsed=8.79MB nodes=1134 listeners(chrome)=552 net(page)=327 canvas=1 rafFired=15329 longTasks=1
[2026-09-05T16:19:06.473Z] sample m5 t=302s gc=0 state=working tier=webgl msgs=37 heapUsed=9.11MB nodes=1150 listeners(chrome)=1192 net(page)=327 canvas=1 rafFired=18448 longTasks=1
[2026-09-05T16:19:06.520Z] sample m5-gc t=302s gc=1 state=working tier=webgl msgs=37 heapUsed=7.58MB nodes=1126 listeners(chrome)=390 net(page)=327 canvas=1 rafFired=18451 longTasks=1
[2026-09-05T16:20:14.493Z] sample m6 t=370s gc=0 state=listening tier=webgl msgs=41 heapUsed=8.26MB nodes=1176 listeners(chrome)=470 net(page)=327 canvas=1 rafFired=22529 longTasks=1
[2026-09-05T16:21:06.404Z] sample m7 t=422s gc=0 state=working tier=webgl msgs=42 heapUsed=10.79MB nodes=1190 listeners(chrome)=1060 net(page)=327 canvas=1 rafFired=25643 longTasks=1
[2026-09-05T16:22:14.611Z] sample m8 t=490s gc=0 state=listening tier=webgl msgs=46 heapUsed=9.45MB nodes=1239 listeners(chrome)=657 net(page)=327 canvas=1 rafFired=29737 longTasks=1
[2026-09-05T16:23:06.430Z] sample m9 t=542s gc=0 state=working tier=webgl msgs=47 heapUsed=11.14MB nodes=1248 listeners(chrome)=1522 net(page)=327 canvas=1 rafFired=32844 longTasks=1
[2026-09-05T16:24:14.428Z] sample m10 t=610s gc=0 state=listening tier=webgl msgs=51 heapUsed=9.29MB nodes=1299 listeners(chrome)=1201 net(page)=327 canvas=1 rafFired=36925 longTasks=1
[2026-09-05T16:24:14.514Z] sample m10-gc t=610s gc=1 state=listening tier=webgl msgs=51 heapUsed=8.39MB nodes=1250 listeners(chrome)=390 net(page)=327 canvas=1 rafFired=36929 longTasks=1
[2026-09-05T16:25:06.517Z] sample m11 t=662s gc=0 state=working tier=webgl msgs=52 heapUsed=10.39MB nodes=1275 listeners(chrome)=955 net(page)=327 canvas=1 rafFired=40050 longTasks=1
[2026-09-05T16:26:14.486Z] sample m12 t=730s gc=0 state=listening tier=webgl msgs=56 heapUsed=9.24MB nodes=1341 listeners(chrome)=1133 net(page)=327 canvas=1 rafFired=44128 longTasks=1
[2026-09-05T16:27:06.523Z] sample m13 t=782s gc=0 state=working tier=webgl msgs=57 heapUsed=10.62MB nodes=1349 listeners(chrome)=1951 net(page)=327 canvas=1 rafFired=47248 longTasks=1
[2026-09-05T16:28:14.620Z] sample m14 t=850s gc=0 state=listening tier=webgl msgs=61 heapUsed=10.29MB nodes=1376 listeners(chrome)=827 net(page)=327 canvas=1 rafFired=51335 longTasks=1
[2026-09-05T16:29:06.414Z] sample m15 t=902s gc=0 state=working tier=webgl msgs=62 heapUsed=9.85MB nodes=1359 listeners(chrome)=856 net(page)=327 canvas=1 rafFired=54441 longTasks=1
[2026-09-05T16:30:14.557Z] sample m16 t=970s gc=0 state=listening tier=webgl msgs=66 heapUsed=9.53MB nodes=1416 listeners(chrome)=793 net(page)=327 canvas=1 rafFired=58529 longTasks=1
[2026-09-05T16:31:06.452Z] sample m17 t=1022s gc=0 state=working tier=webgl msgs=67 heapUsed=12.42MB nodes=1428 listeners(chrome)=1819 net(page)=327 canvas=1 rafFired=61644 longTasks=1
[2026-09-05T16:32:14.434Z] sample m18 t=1090s gc=0 state=listening tier=webgl msgs=71 heapUsed=9.77MB nodes=1455 listeners(chrome)=827 net(page)=327 canvas=1 rafFired=65724 longTasks=1
[2026-09-05T16:33:06.444Z] sample m19 t=1142s gc=0 state=working tier=webgl msgs=72 heapUsed=10.47MB nodes=1436 listeners(chrome)=889 net(page)=327 canvas=1 rafFired=68845 longTasks=1
[2026-09-05T16:34:14.490Z] sample m20 t=1210s gc=0 state=listening tier=webgl msgs=76 heapUsed=9.74MB nodes=1492 listeners(chrome)=793 net(page)=327 canvas=1 rafFired=72928 longTasks=1
[2026-09-05T16:34:14.547Z] sample m20-gc t=1210s gc=1 state=listening tier=webgl msgs=76 heapUsed=8.78MB nodes=1453 listeners(chrome)=390 net(page)=327 canvas=1 rafFired=72932 longTasks=1
[2026-09-05T16:35:06.448Z] sample m21 t=1262s gc=0 state=working tier=webgl msgs=77 heapUsed=10.04MB nodes=1479 listeners(chrome)=1060 net(page)=327 canvas=1 rafFired=76046 longTasks=1
[2026-09-05T16:36:14.544Z] sample m22 t=1330s gc=0 state=listening tier=webgl msgs=81 heapUsed=10.45MB nodes=1532 listeners(chrome)=861 net(page)=327 canvas=1 rafFired=80132 longTasks=1
[2026-09-05T16:37:06.420Z] sample m23 t=1382s gc=0 state=working tier=webgl msgs=82 heapUsed=11.46MB nodes=1512 listeners(chrome)=889 net(page)=327 canvas=1 rafFired=83245 longTasks=1
[2026-09-05T16:38:14.422Z] sample m24 t=1450s gc=0 state=listening tier=webgl msgs=86 heapUsed=11.01MB nodes=1570 listeners(chrome)=861 net(page)=327 canvas=1 rafFired=87326 longTasks=1
[2026-09-05T16:39:06.376Z] sample m25 t=1502s gc=0 state=working tier=webgl msgs=87 heapUsed=12.68MB nodes=1552 listeners(chrome)=955 net(page)=327 canvas=1 rafFired=90444 longTasks=1
[2026-09-05T16:40:14.453Z] sample m26 t=1570s gc=0 state=listening tier=webgl msgs=91 heapUsed=10.61MB nodes=1612 listeners(chrome)=997 net(page)=327 canvas=1 rafFired=94529 longTasks=1
[2026-09-05T16:41:06.585Z] sample m27 t=1622s gc=0 state=working tier=webgl msgs=92 heapUsed=12.1MB nodes=1589 listeners(chrome)=922 net(page)=327 canvas=1 rafFired=97657 longTasks=1
[2026-09-05T16:42:14.633Z] sample m28 t=1690s gc=0 state=listening tier=webgl msgs=96 heapUsed=10.23MB nodes=1649 listeners(chrome)=963 net(page)=327 canvas=1 rafFired=101741 longTasks=1
[2026-09-05T16:43:06.411Z] sample m29 t=1742s gc=0 state=working tier=webgl msgs=97 heapUsed=11.69MB nodes=1626 listeners(chrome)=889 net(page)=327 canvas=1 rafFired=104848 longTasks=1
[2026-09-05T16:44:06.287Z] sample end t=1802s gc=0 state=blocked tier=webgl msgs=99 heapUsed=9.87MB nodes=1630 listeners(chrome)=391 net(page)=327 canvas=1 rafFired=108441 longTasks=1
[2026-09-05T16:44:06.349Z] sample end-gc t=1802s gc=1 state=blocked tier=webgl msgs=99 heapUsed=9.21MB nodes=1630 listeners(chrome)=391 net(page)=327 canvas=1 rafFired=108446 longTasks=1
[2026-09-05T16:44:06.497Z] done
