$ playwright test

Running 52 tests using 3 workers

(node:41600) Warning: The 'NO_COLOR' env is ignored due to the 'FORCE_COLOR' env being set.
(Use `node --trace-warnings ...` to show where the warning was created)
  ok  1 [setup] › e2e\auth.setup.ts:12:1 › signs in as the seeded owner and stores the session (3.5s)
(node:37668) Warning: The 'NO_COLOR' env is ignored due to the 'FORCE_COLOR' env being set.
(Use `node --trace-warnings ...` to show where the warning was created)
(node:39860) Warning: The 'NO_COLOR' env is ignored due to the 'FORCE_COLOR' env being set.
(Use `node --trace-warnings ...` to show where the warning was created)
(node:15908) Warning: The 'NO_COLOR' env is ignored due to the 'FORCE_COLOR' env being set.
(Use `node --trace-warnings ...` to show where the warning was created)
  ok  4 [chromium] › e2e\marketing.spec.ts:15:3 › marketing site › serves all six programme locales (9ms)
  ok  3 [visual] › e2e\visual.spec.ts:99:7 › public pages (anonymous visitor) › home at 375px matches the baseline (4.1s)
  ok  2 [chromium] › e2e\app.spec.ts:26:3 › sign-in › signs in with the seeded owner, lists sites and opens the shop connection page (5.4s)
  ok  5 [chromium] › e2e\marketing.spec.ts:20:5 › marketing site › home renders with lang="en", one h1, self canonical, hreflang alternates for six locales + x-default and no serious accessibility violations (5.3s)
  ok  6 [visual] › e2e\visual.spec.ts:99:7 › public pages (anonymous visitor) › home at 1440px matches the baseline (5.5s)
  ok  8 [chromium] › e2e\marketing.spec.ts:20:5 › marketing site › home renders with lang="de", one h1, self canonical, hreflang alternates for six locales + x-default and no serious accessibility violations (6.3s)
  ok  9 [visual] › e2e\visual.spec.ts:99:7 › public pages (anonymous visitor) › pricing at 375px matches the baseline (6.0s)
  ok 10 [chromium] › e2e\marketing.spec.ts:20:5 › marketing site › home renders with lang="fr", one h1, self canonical, hreflang alternates for six locales + x-default and no serious accessibility violations (6.0s)
  ok 11 [visual] › e2e\visual.spec.ts:99:7 › public pages (anonymous visitor) › pricing at 1440px matches the baseline (8.3s)
  ok  7 [chromium] › e2e\app.spec.ts:43:3 › dashboard › the module pages render one h1 each inside the shell for the signed-in owner (20.1s)
  ok 12 [chromium] › e2e\marketing.spec.ts:20:5 › marketing site › home renders with lang="es", one h1, self canonical, hreflang alternates for six locales + x-default and no serious accessibility violations (7.6s)
  ok 14 [chromium] › e2e\app.spec.ts:65:3 › dashboard › redirects the renamed dashboard paths permanently (239ms)
  ok 16 [chromium] › e2e\app.spec.ts:81:3 › alerts & incident mode › renders /app/settings/alerts with Incident Mode, channels, rules and an honest history state (1.2s)
  ok 13 [visual] › e2e\visual.spec.ts:99:7 › public pages (anonymous visitor) › knowledge-hub at 375px matches the baseline (4.8s)
  ok 15 [chromium] › e2e\marketing.spec.ts:20:5 › marketing site › home renders with lang="it", one h1, self canonical, hreflang alternates for six locales + x-default and no serious accessibility violations (5.4s)
  ok 18 [visual] › e2e\visual.spec.ts:99:7 › public pages (anonymous visitor) › knowledge-hub at 1440px matches the baseline (11.8s)
  ok 19 [chromium] › e2e\marketing.spec.ts:20:5 › marketing site › home renders with lang="nl", one h1, self canonical, hreflang alternates for six locales + x-default and no serious accessibility violations (11.7s)
  ok 17 [chromium] › e2e\app.spec.ts:109:3 › alerts & incident mode › creates a webhook channel and a rule with a plain-language preview, then removes both (15.9s)
  ok 21 [chromium] › e2e\marketing.spec.ts:50:7 › marketing site › responsive layout › /fr at 320 px: no horizontal page scroll, heading and CTA inside the viewport, demo content inside its frame (3.4s)
  ok 20 [visual] › e2e\visual.spec.ts:99:7 › public pages (anonymous visitor) › article-consent-mode-v2-guide at 375px matches the baseline (7.0s)
  ok 23 [chromium] › e2e\marketing.spec.ts:50:7 › marketing site › responsive layout › /en at 1024 px: no horizontal page scroll, heading and CTA inside the viewport, demo content inside its frame (1.8s)
  ok 25 [chromium] › e2e\marketing.spec.ts:50:7 › marketing site › responsive layout › /nl at 1024 px: no horizontal page scroll, heading and CTA inside the viewport, demo content inside its frame (2.1s)
  ok 26 [chromium] › e2e\marketing.spec.ts:50:7 › marketing site › responsive layout › /en at 1280 px: no horizontal page scroll, heading and CTA inside the viewport, demo content inside its frame (2.0s)
  ok 22 [chromium] › e2e\app.spec.ts:154:3 › alerts & incident mode › saves the per-user AI motion preference and exposes it on the dashboard root (9.2s)
  ok 27 [chromium] › e2e\marketing.spec.ts:50:7 › marketing site › responsive layout › /fr/pricing at 320 px: no horizontal page scroll, heading and CTA inside the viewport, demo content inside its frame (2.6s)
  ok 28 [chromium] › e2e\app.spec.ts:181:3 › viewport-fixed shell › keeps the document at viewport height with independent scroll areas and the Track AI panel docked on desktop (4.2s)
  ok 24 [visual] › e2e\visual.spec.ts:99:7 › public pages (anonymous visitor) › article-consent-mode-v2-guide at 1440px matches the baseline (9.2s)
  ok 29 [chromium] › e2e\marketing.spec.ts:50:7 › marketing site › responsive layout › /de/pricing at 768 px: no horizontal page scroll, heading and CTA inside the viewport, demo content inside its frame (2.5s)
  ok 30 [chromium] › e2e\app.spec.ts:241:3 › viewport-fixed shell › opens the command palette with Ctrl+K and navigates (1.6s)
  ok 32 [chromium] › e2e\marketing.spec.ts:50:7 › marketing site › responsive layout › /nl/pricing at 1024 px: no horizontal page scroll, heading and CTA inside the viewport, demo content inside its frame (2.0s)
  ok 34 [chromium] › e2e\marketing.spec.ts:93:3 › marketing site › unprefixed URLs redirect permanently to English and keep the query string (568ms)
  ok 33 [chromium] › e2e\app.spec.ts:252:3 › viewport-fixed shell › shows the launcher in the safe area and a full-height bottom sheet on mobile (2.9s)
  ok 31 [visual] › e2e\visual.spec.ts:99:7 › public pages (anonymous visitor) › login at 375px matches the baseline (4.5s)
  ok 35 [chromium] › e2e\marketing.spec.ts:110:3 › marketing site › the language switcher leads to the same page in the other language (3.5s)
  ok 36 [chromium] › e2e\app.spec.ts:278:5 › responsive header › at 320 px the shell is exactly viewport-wide and the site switcher, the Track AI launcher and the account menu stay inside it (3.7s)
  ok 39 [chromium] › e2e\app.spec.ts:278:5 › responsive header › at 375 px the shell is exactly viewport-wide and the site switcher, the Track AI launcher and the account menu stay inside it (1.1s)
  ok 37 [visual] › e2e\visual.spec.ts:99:7 › public pages (anonymous visitor) › login at 1440px matches the baseline (5.1s)
  ok 40 [chromium] › e2e\app.spec.ts:278:5 › responsive header › at 768 px the shell is exactly viewport-wide and the site switcher, the Track AI launcher and the account menu stay inside it (1.7s)
  ok 42 [chromium] › e2e\app.spec.ts:313:3 › responsive header › below `sm` the command palette opens from the navigation drawer (1.5s)
  ok 41 [visual] › e2e\visual.spec.ts:113:7 › dashboard (stored owner session) › app-overview at 375px matches the baseline (3.5s)
  ok 38 [chromium] › e2e\marketing.spec.ts:126:3 › marketing site › Tracking Knowledge index lists articles and an article renders with the article template, BlogPosting/TechArticle + BreadcrumbList JSON-LD and a large social card (6.8s)
  ok 45 [chromium] › e2e\marketing.spec.ts:174:3 › marketing site › old blog URLs redirect permanently and directly to Tracking Knowledge, query string included (112ms)
  ok 43 [chromium] › e2e\app.spec.ts:325:3 › keyboard focus in the header › the workspace switcher triggers and the account menu render a visible focus ring (1.5s)
  ok 46 [chromium] › e2e\marketing.spec.ts:192:3 › marketing site › pricing never shows invented amounts: either Stripe prices or the honest empty state (2.4s)
  ok 47 [chromium] › e2e\app.spec.ts:360:3 › Track AI panel › keeps the shell exactly viewport-high with a 250-message conversation and windows the list (5.0s)
  ok 48 [chromium] › e2e\marketing.spec.ts:201:3 › marketing site › legal pages carry the operator identity from the environment or state that it is missing (3.4s)
  ok 50 [chromium] › e2e\marketing.spec.ts:207:3 › marketing site › the sitemap index points to a pages and a knowledge sitemap per locale (857ms)
  ok 44 [visual] › e2e\visual.spec.ts:113:7 › dashboard (stored owner session) › app-overview at 1440px matches the baseline (8.0s)
  ok 49 [chromium] › e2e\app.spec.ts:401:3 › Track AI panel › motion preference off produces no animated frame: the core reports the static tier (4.7s)
  ok 51 [chromium] › e2e\app.spec.ts:448:3 › Track AI panel › prefers-reduced-motion renders the static tier from the server on, without an animation flash (1.4s)
  ok 52 [chromium] › e2e\app.spec.ts:466:3 › Track AI panel › exposes the activity live region, the motion state and the setup workspace targets (1.2s)

  52 passed (1.5m)
exit 0
