[2026-09-05T12:16:47.714Z] lighthouse runner: base=http://localhost:3011 chrome=C:\Users\Soheil\AppData\Local\ms-playwright\chromium_headless_shell-1234\chrome-headless-shell-win64\chrome-headless-shell.exe cli=C:\Users\Soheil\AppData\Local\npm-cache\_npx\ffe2131771d88588\node_modules\lighthouse\cli\index.js
[2026-09-05T12:16:59.503Z] mobile http://localhost:3011/en -> home--mobile--run1 exit=1 report=ok 11.8s
  (non-zero exit after the report was written; stderr tail:     at rmSync (node:fs:1222:18))
[2026-09-05T12:17:11.080Z] mobile http://localhost:3011/en -> home--mobile--run2 exit=1 report=ok 11.6s
  (non-zero exit after the report was written; stderr tail:     at rmSync (node:fs:1222:18))
[2026-09-05T12:17:22.522Z] mobile http://localhost:3011/en -> home--mobile--run3 exit=1 report=ok 11.4s
  (non-zero exit after the report was written; stderr tail:     at rmSync (node:fs:1222:18))
[2026-09-05T12:17:35.052Z] mobile http://localhost:3011/en/pricing -> pricing--mobile--run1 exit=1 report=ok 12.5s
  (non-zero exit after the report was written; stderr tail:     at rmSync (node:fs:1222:18))
[2026-09-05T12:17:47.620Z] mobile http://localhost:3011/en/pricing -> pricing--mobile--run2 exit=1 report=ok 12.6s
  (non-zero exit after the report was written; stderr tail:     at rmSync (node:fs:1222:18))
[2026-09-05T12:17:59.200Z] mobile http://localhost:3011/en/pricing -> pricing--mobile--run3 exit=1 report=ok 11.6s
  (non-zero exit after the report was written; stderr tail:     at rmSync (node:fs:1222:18))
[2026-09-05T12:18:12.523Z] mobile http://localhost:3011/en/tracking-knowledge -> knowledge-hub--mobile--run1 exit=1 report=ok 13.3s
  (non-zero exit after the report was written; stderr tail:     at rmSync (node:fs:1222:18))
[2026-09-05T12:18:24.367Z] mobile http://localhost:3011/en/tracking-knowledge -> knowledge-hub--mobile--run2 exit=1 report=ok 11.8s
  (non-zero exit after the report was written; stderr tail:     at rmSync (node:fs:1222:18))
[2026-09-05T12:18:36.300Z] mobile http://localhost:3011/en/tracking-knowledge -> knowledge-hub--mobile--run3 exit=1 report=ok 11.9s
  (non-zero exit after the report was written; stderr tail:     at rmSync (node:fs:1222:18))
[2026-09-05T12:18:47.217Z] mobile http://localhost:3011/en/tracking-knowledge/consent-mode-v2-guide -> knowledge-article-consent-mode-v2-guide--mobile--run1 exit=1 report=ok 10.9s
  (non-zero exit after the report was written; stderr tail:     at rmSync (node:fs:1222:18))
[2026-09-05T12:18:57.874Z] mobile http://localhost:3011/en/tracking-knowledge/consent-mode-v2-guide -> knowledge-article-consent-mode-v2-guide--mobile--run2 exit=1 report=ok 10.7s
  (non-zero exit after the report was written; stderr tail:     at rmSync (node:fs:1222:18))
[2026-09-05T12:19:08.551Z] mobile http://localhost:3011/en/tracking-knowledge/consent-mode-v2-guide -> knowledge-article-consent-mode-v2-guide--mobile--run3 exit=1 report=ok 10.7s
  (non-zero exit after the report was written; stderr tail:     at rmSync (node:fs:1222:18))
runs finished: 12/12 succeeded
summary written: C:\Users\Soheil\Downloads\track.site\docs\qa\2026-09-05\followup\perf\lighthouse-before\summary.json and summary.md (4 page/preset groups)
