$ playwright test

Running 52 tests using 3 workers

  ok  1 [setup] › e2e\auth.setup.ts:12:1 › signs in as the seeded owner and stores the session (1.8s)
  ok  4 [chromium] › e2e\marketing.spec.ts:15:3 › marketing site › serves all six programme locales (7ms)
  ok  2 [chromium] › e2e\app.spec.ts:26:3 › sign-in › signs in with the seeded owner, lists sites and opens the shop connection page (2.6s)
  ok  3 [visual] › e2e\visual.spec.ts:99:7 › public pages (anonymous visitor) › home at 375px matches the baseline (3.1s)
  ok  5 [chromium] › e2e\marketing.spec.ts:20:5 › marketing site › home renders with lang="en", one h1, self canonical, hreflang alternates for six locales + x-default and no serious accessibility violations (3.7s)
  ok  7 [visual] › e2e\visual.spec.ts:99:7 › public pages (anonymous visitor) › home at 1440px matches the baseline (4.0s)
  ok  8 [chromium] › e2e\marketing.spec.ts:20:5 › marketing site › home renders with lang="de", one h1, self canonical, hreflang alternates for six locales + x-default and no serious accessibility violations (3.6s)
  ok  6 [chromium] › e2e\app.spec.ts:43:3 › dashboard › the module pages render one h1 each inside the shell for the signed-in owner (5.7s)
  ok 11 [chromium] › e2e\app.spec.ts:65:3 › dashboard › redirects the renamed dashboard paths permanently (141ms)
  ok 12 [chromium] › e2e\app.spec.ts:81:3 › alerts & incident mode › renders /app/settings/alerts with Incident Mode, channels, rules and an honest history state (901ms)
  ok  9 [visual] › e2e\visual.spec.ts:99:7 › public pages (anonymous visitor) › pricing at 375px matches the baseline (3.2s)
  ok 10 [chromium] › e2e\marketing.spec.ts:20:5 › marketing site › home renders with lang="fr", one h1, self canonical, hreflang alternates for six locales + x-default and no serious accessibility violations (3.2s)
  ok 13 [chromium] › e2e\app.spec.ts:109:3 › alerts & incident mode › creates a webhook channel and a rule with a plain-language preview, then removes both (3.6s)
  ok 15 [chromium] › e2e\marketing.spec.ts:20:5 › marketing site › home renders with lang="es", one h1, self canonical, hreflang alternates for six locales + x-default and no serious accessibility violations (3.5s)
  ok 16 [chromium] › e2e\app.spec.ts:154:3 › alerts & incident mode › saves the per-user AI motion preference and exposes it on the dashboard root (1.6s)
  ok 14 [visual] › e2e\visual.spec.ts:99:7 › public pages (anonymous visitor) › pricing at 1440px matches the baseline (4.4s)
  ok 18 [chromium] › e2e\app.spec.ts:181:3 › viewport-fixed shell › keeps the document at viewport height with independent scroll areas and the Track AI panel docked on desktop (1.6s)
  ok 20 [chromium] › e2e\app.spec.ts:241:3 › viewport-fixed shell › opens the command palette with Ctrl+K and navigates (915ms)
  ok 17 [chromium] › e2e\marketing.spec.ts:20:5 › marketing site › home renders with lang="it", one h1, self canonical, hreflang alternates for six locales + x-default and no serious accessibility violations (3.4s)
  ok 21 [chromium] › e2e\app.spec.ts:252:3 › viewport-fixed shell › shows the launcher in the safe area and a full-height bottom sheet on mobile (893ms)
  ok 19 [visual] › e2e\visual.spec.ts:99:7 › public pages (anonymous visitor) › knowledge-hub at 375px matches the baseline (3.7s)
  ok 23 [chromium] › e2e\app.spec.ts:278:5 › responsive header › at 320 px the shell is exactly viewport-wide and the site switcher, the Track AI launcher and the account menu stay inside it (732ms)
  ok 25 [chromium] › e2e\app.spec.ts:278:5 › responsive header › at 375 px the shell is exactly viewport-wide and the site switcher, the Track AI launcher and the account menu stay inside it (760ms)
  ok 26 [chromium] › e2e\app.spec.ts:278:5 › responsive header › at 768 px the shell is exactly viewport-wide and the site switcher, the Track AI launcher and the account menu stay inside it (611ms)
  ok 22 [chromium] › e2e\marketing.spec.ts:20:5 › marketing site › home renders with lang="nl", one h1, self canonical, hreflang alternates for six locales + x-default and no serious accessibility violations (3.1s)
  ok 27 [chromium] › e2e\app.spec.ts:313:3 › responsive header › below `sm` the command palette opens from the navigation drawer (847ms)
  ok 28 [chromium] › e2e\marketing.spec.ts:50:7 › marketing site › responsive layout › /fr at 320 px: no horizontal page scroll, heading and CTA inside the viewport, demo content inside its frame (992ms)
  ok 29 [chromium] › e2e\app.spec.ts:325:3 › keyboard focus in the header › the workspace switcher triggers and the account menu render a visible focus ring (1.0s)
  ok 24 [visual] › e2e\visual.spec.ts:99:7 › public pages (anonymous visitor) › knowledge-hub at 1440px matches the baseline (3.9s)
  ok 30 [chromium] › e2e\marketing.spec.ts:50:7 › marketing site › responsive layout › /en at 1024 px: no horizontal page scroll, heading and CTA inside the viewport, demo content inside its frame (1.1s)
  ok 31 [chromium] › e2e\app.spec.ts:360:3 › Track AI panel › keeps the shell exactly viewport-high with a 250-message conversation and windows the list (1.4s)
  ok 33 [chromium] › e2e\marketing.spec.ts:50:7 › marketing site › responsive layout › /nl at 1024 px: no horizontal page scroll, heading and CTA inside the viewport, demo content inside its frame (943ms)
  ok 35 [chromium] › e2e\marketing.spec.ts:50:7 › marketing site › responsive layout › /en at 1280 px: no horizontal page scroll, heading and CTA inside the viewport, demo content inside its frame (923ms)
  ok 32 [visual] › e2e\visual.spec.ts:99:7 › public pages (anonymous visitor) › article-consent-mode-v2-guide at 375px matches the baseline (2.8s)
  ok 34 [chromium] › e2e\app.spec.ts:401:3 › Track AI panel › motion preference off produces no animated frame: the core reports the static tier (1.7s)
  ok 36 [chromium] › e2e\marketing.spec.ts:50:7 › marketing site › responsive layout › /fr/pricing at 320 px: no horizontal page scroll, heading and CTA inside the viewport, demo content inside its frame (894ms)
  ok 38 [chromium] › e2e\app.spec.ts:448:3 › Track AI panel › prefers-reduced-motion renders the static tier from the server on, without an animation flash (1.0s)
  ok 39 [chromium] › e2e\marketing.spec.ts:50:7 › marketing site › responsive layout › /de/pricing at 768 px: no horizontal page scroll, heading and CTA inside the viewport, demo content inside its frame (858ms)
  ok 40 [chromium] › e2e\app.spec.ts:466:3 › Track AI panel › exposes the activity live region, the motion state and the setup workspace targets (913ms)
  ok 41 [chromium] › e2e\marketing.spec.ts:50:7 › marketing site › responsive layout › /nl/pricing at 1024 px: no horizontal page scroll, heading and CTA inside the viewport, demo content inside its frame (925ms)
  ok 42 [chromium] › e2e\marketing.spec.ts:93:3 › marketing site › unprefixed URLs redirect permanently to English and keep the query string (53ms)
  ok 37 [visual] › e2e\visual.spec.ts:99:7 › public pages (anonymous visitor) › article-consent-mode-v2-guide at 1440px matches the baseline (2.8s)
  ok 43 [chromium] › e2e\marketing.spec.ts:110:3 › marketing site › the language switcher leads to the same page in the other language (1.7s)
  ok 44 [visual] › e2e\visual.spec.ts:99:7 › public pages (anonymous visitor) › login at 375px matches the baseline (1.5s)
  ok 46 [visual] › e2e\visual.spec.ts:99:7 › public pages (anonymous visitor) › login at 1440px matches the baseline (1.7s)
  ok 45 [chromium] › e2e\marketing.spec.ts:126:3 › marketing site › Tracking Knowledge index lists articles and an article renders with the article template, BlogPosting/TechArticle + BreadcrumbList JSON-LD and a large social card (2.4s)
  ok 48 [chromium] › e2e\marketing.spec.ts:174:3 › marketing site › old blog URLs redirect permanently and directly to Tracking Knowledge, query string included (40ms)
  ok 49 [chromium] › e2e\marketing.spec.ts:192:3 › marketing site › pricing never shows invented amounts: either Stripe prices or the honest empty state (451ms)
  ok 50 [chromium] › e2e\marketing.spec.ts:201:3 › marketing site › legal pages carry the operator identity from the environment or state that it is missing (285ms)
  ok 51 [chromium] › e2e\marketing.spec.ts:207:3 › marketing site › the sitemap index points to a pages and a knowledge sitemap per locale (79ms)
  ok 47 [visual] › e2e\visual.spec.ts:113:7 › dashboard (stored owner session) › app-overview at 375px matches the baseline (1.7s)
  ok 52 [visual] › e2e\visual.spec.ts:113:7 › dashboard (stored owner session) › app-overview at 1440px matches the baseline (1.7s)

  52 passed (38.3s)
