$ playwright test

Running 52 tests using 3 workers

  ok  1 [setup] › e2e\auth.setup.ts:12:1 › signs in as the seeded owner and stores the session (4.2s)
  ok  4 [chromium] › e2e\marketing.spec.ts:15:3 › marketing site › serves all six programme locales (16ms)
  ok  5 [chromium] › e2e\marketing.spec.ts:20:5 › marketing site › home renders with lang="en", one h1, self canonical, hreflang alternates for six locales + x-default and no serious accessibility violations (3.2s)
  ok  2 [chromium] › e2e\app.spec.ts:26:3 › sign-in › signs in with the seeded owner, lists sites and opens the shop connection page (3.8s)
  x   3 [visual] › e2e\visual.spec.ts:99:7 › public pages (anonymous visitor) › home at 375px matches the baseline (4.9s)
  ok  6 [chromium] › e2e\marketing.spec.ts:20:5 › marketing site › home renders with lang="de", one h1, self canonical, hreflang alternates for six locales + x-default and no serious accessibility violations (3.7s)
  ok  7 [chromium] › e2e\app.spec.ts:43:3 › dashboard › the module pages render one h1 each inside the shell for the signed-in owner (6.1s)
  ok 10 [chromium] › e2e\app.spec.ts:65:3 › dashboard › redirects the renamed dashboard paths permanently (206ms)
  ok  9 [chromium] › e2e\marketing.spec.ts:20:5 › marketing site › home renders with lang="fr", one h1, self canonical, hreflang alternates for six locales + x-default and no serious accessibility violations (3.5s)
  ok 11 [chromium] › e2e\app.spec.ts:81:3 › alerts & incident mode › renders /app/settings/alerts with Incident Mode, channels, rules and an honest history state (1.0s)
  ok 13 [chromium] › e2e\app.spec.ts:109:3 › alerts & incident mode › creates a webhook channel and a rule with a plain-language preview, then removes both (2.9s)
  ok 12 [chromium] › e2e\marketing.spec.ts:20:5 › marketing site › home renders with lang="es", one h1, self canonical, hreflang alternates for six locales + x-default and no serious accessibility violations (3.4s)
  x   8 [visual] › e2e\visual.spec.ts:99:7 › public pages (anonymous visitor) › home at 1440px matches the baseline (8.1s)
  ok 14 [chromium] › e2e\app.spec.ts:154:3 › alerts & incident mode › saves the per-user AI motion preference and exposes it on the dashboard root (1.8s)
  ok 16 [chromium] › e2e\app.spec.ts:181:3 › viewport-fixed shell › keeps the document at viewport height with independent scroll areas and the Track AI panel docked on desktop (1.6s)
  ok 15 [chromium] › e2e\marketing.spec.ts:20:5 › marketing site › home renders with lang="it", one h1, self canonical, hreflang alternates for six locales + x-default and no serious accessibility violations (3.6s)
  ok 18 [chromium] › e2e\app.spec.ts:241:3 › viewport-fixed shell › opens the command palette with Ctrl+K and navigates (801ms)
  ok 20 [chromium] › e2e\app.spec.ts:252:3 › viewport-fixed shell › shows the launcher in the safe area and a full-height bottom sheet on mobile (848ms)
  ok 21 [chromium] › e2e\app.spec.ts:278:5 › responsive header › at 320 px the shell is exactly viewport-wide and the site switcher, the Track AI launcher and the account menu stay inside it (672ms)
  ok 17 [visual] › e2e\visual.spec.ts:99:7 › public pages (anonymous visitor) › pricing at 375px matches the baseline (3.5s)
  ok 22 [chromium] › e2e\app.spec.ts:278:5 › responsive header › at 375 px the shell is exactly viewport-wide and the site switcher, the Track AI launcher and the account menu stay inside it (690ms)
  ok 19 [chromium] › e2e\marketing.spec.ts:20:5 › marketing site › home renders with lang="nl", one h1, self canonical, hreflang alternates for six locales + x-default and no serious accessibility violations (3.0s)
  ok 24 [chromium] › e2e\app.spec.ts:278:5 › responsive header › at 768 px the shell is exactly viewport-wide and the site switcher, the Track AI launcher and the account menu stay inside it (739ms)
  ok 25 [chromium] › e2e\marketing.spec.ts:50:7 › marketing site › responsive layout › /fr at 320 px: no horizontal page scroll, heading and CTA inside the viewport, demo content inside its frame (998ms)
  ok 26 [chromium] › e2e\app.spec.ts:313:3 › responsive header › below `sm` the command palette opens from the navigation drawer (658ms)
  ok 27 [chromium] › e2e\marketing.spec.ts:50:7 › marketing site › responsive layout › /en at 1024 px: no horizontal page scroll, heading and CTA inside the viewport, demo content inside its frame (885ms)
  ok 28 [chromium] › e2e\app.spec.ts:325:3 › keyboard focus in the header › the workspace switcher triggers and the account menu render a visible focus ring (967ms)
  ok 29 [chromium] › e2e\marketing.spec.ts:50:7 › marketing site › responsive layout › /nl at 1024 px: no horizontal page scroll, heading and CTA inside the viewport, demo content inside its frame (924ms)
  ok 23 [visual] › e2e\visual.spec.ts:99:7 › public pages (anonymous visitor) › pricing at 1440px matches the baseline (3.9s)
  ok 30 [chromium] › e2e\app.spec.ts:360:3 › Track AI panel › keeps the shell exactly viewport-high with a 250-message conversation and windows the list (1.4s)
  ok 31 [chromium] › e2e\marketing.spec.ts:50:7 › marketing site › responsive layout › /en at 1280 px: no horizontal page scroll, heading and CTA inside the viewport, demo content inside its frame (871ms)
  ok 34 [chromium] › e2e\marketing.spec.ts:50:7 › marketing site › responsive layout › /fr/pricing at 320 px: no horizontal page scroll, heading and CTA inside the viewport, demo content inside its frame (937ms)
  ok 33 [chromium] › e2e\app.spec.ts:401:3 › Track AI panel › motion preference off produces no animated frame: the core reports the static tier (1.7s)
  ok 35 [chromium] › e2e\marketing.spec.ts:50:7 › marketing site › responsive layout › /de/pricing at 768 px: no horizontal page scroll, heading and CTA inside the viewport, demo content inside its frame (911ms)
  ok 36 [chromium] › e2e\app.spec.ts:448:3 › Track AI panel › prefers-reduced-motion renders the static tier from the server on, without an animation flash (900ms)
  ok 37 [chromium] › e2e\marketing.spec.ts:50:7 › marketing site › responsive layout › /nl/pricing at 1024 px: no horizontal page scroll, heading and CTA inside the viewport, demo content inside its frame (781ms)
  ok 39 [chromium] › e2e\marketing.spec.ts:93:3 › marketing site › unprefixed URLs redirect permanently to English and keep the query string (62ms)
  ok 38 [chromium] › e2e\app.spec.ts:466:3 › Track AI panel › exposes the activity live region, the motion state and the setup workspace targets (957ms)
  ok 32 [visual] › e2e\visual.spec.ts:99:7 › public pages (anonymous visitor) › knowledge-hub at 375px matches the baseline (3.9s)
  ok 40 [chromium] › e2e\marketing.spec.ts:110:3 › marketing site › the language switcher leads to the same page in the other language (2.3s)
  ok 41 [visual] › e2e\visual.spec.ts:99:7 › public pages (anonymous visitor) › knowledge-hub at 1440px matches the baseline (3.6s)
  x  42 [chromium] › e2e\marketing.spec.ts:126:3 › marketing site › Tracking Knowledge index lists articles and an article renders with the article template, BlogPosting/TechArticle + BreadcrumbList JSON-LD and a large social card (2.9s)
  ok 44 [chromium] › e2e\marketing.spec.ts:173:3 › marketing site › old blog URLs redirect permanently and directly to Tracking Knowledge, query string included (71ms)
  ok 43 [visual] › e2e\visual.spec.ts:99:7 › public pages (anonymous visitor) › article-consent-mode-v2-guide at 375px matches the baseline (2.0s)
  ok 45 [chromium] › e2e\marketing.spec.ts:191:3 › marketing site › pricing never shows invented amounts: either Stripe prices or the honest empty state (676ms)
  ok 47 [chromium] › e2e\marketing.spec.ts:200:3 › marketing site › legal pages carry the operator identity from the environment or state that it is missing (275ms)
  ok 48 [chromium] › e2e\marketing.spec.ts:206:3 › marketing site › the sitemap index points to a pages and a knowledge sitemap per locale (73ms)
  ok 46 [visual] › e2e\visual.spec.ts:99:7 › public pages (anonymous visitor) › article-consent-mode-v2-guide at 1440px matches the baseline (2.3s)
  ok 49 [visual] › e2e\visual.spec.ts:99:7 › public pages (anonymous visitor) › login at 375px matches the baseline (1.3s)
  ok 50 [visual] › e2e\visual.spec.ts:99:7 › public pages (anonymous visitor) › login at 1440px matches the baseline (1.4s)
  x  51 [visual] › e2e\visual.spec.ts:113:7 › dashboard (stored owner session) › app-overview at 375px matches the baseline (1.9s)
  ok 52 [visual] › e2e\visual.spec.ts:113:7 › dashboard (stored owner session) › app-overview at 1440px matches the baseline (1.7s)


  1) [chromium] › e2e\marketing.spec.ts:126:3 › marketing site › Tracking Knowledge index lists articles and an article renders with the article template, BlogPosting/TechArticle + BreadcrumbList JSON-LD and a large social card 

    Error: apiRequestContext.get: connect ECONNREFUSED ::1:3000
    Call log:
      - → GET http://localhost:3000/brand/icon-512.png
        - user-agent: Mozilla/5.0 (Windows NT 10.0; Win64; x64) AppleWebKit/537.36 (KHTML, like Gecko) Chrome/151.0.7922.34 Safari/537.36
        - accept: */*
        - accept-encoding: gzip,deflate,br

        at apiRequestContext.get: connect ECONNREFUSED ::1:3000
        at C:\Users\Soheil\Downloads\track.site\apps\web\e2e\marketing.spec.ts:165:32

    Error Context: test-results\marketing-marketing-site-T-06d57--LD-and-a-large-social-card-chromium\error-context.md

    attachment #2: trace (application/zip) ─────────────────────────────────────────────────────────
    test-results\marketing-marketing-site-T-06d57--LD-and-a-large-social-card-chromium\trace.zip
    Usage:

        pnpm exec playwright show-trace test-results\marketing-marketing-site-T-06d57--LD-and-a-large-social-card-chromium\trace.zip

    ────────────────────────────────────────────────────────────────────────────────────────────────

  2) [visual] › e2e\visual.spec.ts:99:7 › public pages (anonymous visitor) › home at 375px matches the baseline 

    Error: expect(page).toHaveScreenshot(expected) failed

      41163 pixels (ratio 0.05 of all image pixels) are different.

      Snapshot: home-375.png

    Call log:
      - Expect "toHaveScreenshot(home-375.png)" with timeout 5000ms
        - verifying given screenshot expectation
      - taking page screenshot
        - disabled all CSS animations
      - waiting for fonts to load...
      - fonts loaded
      - 41163 pixels (ratio 0.05 of all image pixels) are different.
      - waiting 100ms before taking screenshot
      - taking page screenshot
        - disabled all CSS animations
      - waiting for fonts to load...
      - fonts loaded
      - captured a stable screenshot
      - 41163 pixels (ratio 0.05 of all image pixels) are different.


      81 |
      82 | async function snapshot(page: Page, name: string, width: number) {
    > 83 |   await expect(page).toHaveScreenshot(`${name}.png`, {
         |                      ^
      84 |     fullPage: true,
      85 |     clip: await clipFor(page, width),
      86 |     mask: masks(page),
        at snapshot (C:\Users\Soheil\Downloads\track.site\apps\web\e2e\visual.spec.ts:83:22)
        at C:\Users\Soheil\Downloads\track.site\apps\web\e2e\visual.spec.ts:104:9

    attachment #1: home-375 (image/png) ────────────────────────────────────────────────────────────
    Expected: e2e\__screenshots__\home-375-visual-win32.png
    Received: test-results\visual-public-pages-anonym-7f5de--375px-matches-the-baseline-visual\home-375-actual.png
    Diff:     test-results\visual-public-pages-anonym-7f5de--375px-matches-the-baseline-visual\home-375-diff.png
    ────────────────────────────────────────────────────────────────────────────────────────────────

    Error Context: test-results\visual-public-pages-anonym-7f5de--375px-matches-the-baseline-visual\error-context.md

    attachment #3: trace (application/zip) ─────────────────────────────────────────────────────────
    test-results\visual-public-pages-anonym-7f5de--375px-matches-the-baseline-visual\trace.zip
    Usage:

        pnpm exec playwright show-trace test-results\visual-public-pages-anonym-7f5de--375px-matches-the-baseline-visual\trace.zip

    ────────────────────────────────────────────────────────────────────────────────────────────────

  3) [visual] › e2e\visual.spec.ts:99:7 › public pages (anonymous visitor) › home at 1440px matches the baseline 

    Error: expect(page).toHaveScreenshot(expected) failed

      254464 pixels (ratio 0.08 of all image pixels) are different.

      Snapshot: home-1440.png

    Call log:
      - Expect "toHaveScreenshot(home-1440.png)" with timeout 5000ms
        - verifying given screenshot expectation
      - taking page screenshot
        - disabled all CSS animations
      - waiting for fonts to load...
      - fonts loaded
      - 254464 pixels (ratio 0.08 of all image pixels) are different.
      - waiting 100ms before taking screenshot
      - taking page screenshot
        - disabled all CSS animations
      - waiting for fonts to load...
      - fonts loaded
      - captured a stable screenshot
      - 254464 pixels (ratio 0.08 of all image pixels) are different.


      81 |
      82 | async function snapshot(page: Page, name: string, width: number) {
    > 83 |   await expect(page).toHaveScreenshot(`${name}.png`, {
         |                      ^
      84 |     fullPage: true,
      85 |     clip: await clipFor(page, width),
      86 |     mask: masks(page),
        at snapshot (C:\Users\Soheil\Downloads\track.site\apps\web\e2e\visual.spec.ts:83:22)
        at C:\Users\Soheil\Downloads\track.site\apps\web\e2e\visual.spec.ts:104:9

    attachment #1: home-1440 (image/png) ───────────────────────────────────────────────────────────
    Expected: e2e\__screenshots__\home-1440-visual-win32.png
    Received: test-results\visual-public-pages-anonym-11c2c-1440px-matches-the-baseline-visual\home-1440-actual.png
    Diff:     test-results\visual-public-pages-anonym-11c2c-1440px-matches-the-baseline-visual\home-1440-diff.png
    ────────────────────────────────────────────────────────────────────────────────────────────────

    Error Context: test-results\visual-public-pages-anonym-11c2c-1440px-matches-the-baseline-visual\error-context.md

    attachment #3: trace (application/zip) ─────────────────────────────────────────────────────────
    test-results\visual-public-pages-anonym-11c2c-1440px-matches-the-baseline-visual\trace.zip
    Usage:

        pnpm exec playwright show-trace test-results\visual-public-pages-anonym-11c2c-1440px-matches-the-baseline-visual\trace.zip

    ────────────────────────────────────────────────────────────────────────────────────────────────

  4) [visual] › e2e\visual.spec.ts:113:7 › dashboard (stored owner session) › app-overview at 375px matches the baseline 

    Error: expect(page).toHaveScreenshot(expected) failed

      31622 pixels (ratio 0.11 of all image pixels) are different.

      Snapshot: app-overview-375.png

    Call log:
      - Expect "toHaveScreenshot(app-overview-375.png)" with timeout 5000ms
        - verifying given screenshot expectation
      - taking page screenshot
        - disabled all CSS animations
      - waiting for fonts to load...
      - fonts loaded
      - 31622 pixels (ratio 0.11 of all image pixels) are different.
      - waiting 100ms before taking screenshot
      - taking page screenshot
        - disabled all CSS animations
      - waiting for fonts to load...
      - fonts loaded
      - captured a stable screenshot
      - 31622 pixels (ratio 0.11 of all image pixels) are different.


      81 |
      82 | async function snapshot(page: Page, name: string, width: number) {
    > 83 |   await expect(page).toHaveScreenshot(`${name}.png`, {
         |                      ^
      84 |     fullPage: true,
      85 |     clip: await clipFor(page, width),
      86 |     mask: masks(page),
        at snapshot (C:\Users\Soheil\Downloads\track.site\apps\web\e2e\visual.spec.ts:83:22)
        at C:\Users\Soheil\Downloads\track.site\apps\web\e2e\visual.spec.ts:117:9

    attachment #1: app-overview-375 (image/png) ────────────────────────────────────────────────────
    Expected: e2e\__screenshots__\app-overview-375-visual-win32.png
    Received: test-results\visual-dashboard-stored-ow-5df2e--375px-matches-the-baseline-visual\app-overview-375-actual.png
    Diff:     test-results\visual-dashboard-stored-ow-5df2e--375px-matches-the-baseline-visual\app-overview-375-diff.png
    ────────────────────────────────────────────────────────────────────────────────────────────────

    Error Context: test-results\visual-dashboard-stored-ow-5df2e--375px-matches-the-baseline-visual\error-context.md

    attachment #3: trace (application/zip) ─────────────────────────────────────────────────────────
    test-results\visual-dashboard-stored-ow-5df2e--375px-matches-the-baseline-visual\trace.zip
    Usage:

        pnpm exec playwright show-trace test-results\visual-dashboard-stored-ow-5df2e--375px-matches-the-baseline-visual\trace.zip

    ────────────────────────────────────────────────────────────────────────────────────────────────

  4 failed
    [chromium] › e2e\marketing.spec.ts:126:3 › marketing site › Tracking Knowledge index lists articles and an article renders with the article template, BlogPosting/TechArticle + BreadcrumbList JSON-LD and a large social card 
    [visual] › e2e\visual.spec.ts:99:7 › public pages (anonymous visitor) › home at 375px matches the baseline 
    [visual] › e2e\visual.spec.ts:99:7 › public pages (anonymous visitor) › home at 1440px matches the baseline 
    [visual] › e2e\visual.spec.ts:113:7 › dashboard (stored owner session) › app-overview at 375px matches the baseline 
  48 passed (48.7s)
C:\Users\Soheil\Downloads\track.site\apps\web:
[ERR_PNPM_RECURSIVE_RUN_FIRST_FAIL] @track-site/web@0.1.0 test:e2e: `playwright test`
Exit status 1
