[1/73] app-ai-setup@1440: 18 nodes
[2/73] app-ai-setup@375: 8 nodes
[3/73] app-alerts@1440: 10 nodes
[4/73] app-attribution@1440: 10 nodes
[5/73] app-billing@1440: 10 nodes
[6/73] app-consent@1440: 10 nodes
[7/73] app-consent-simulator@1440: 10 nodes
[8/73] app-data-quality@1440: 11 nodes
[9/73] app-destinations@1440: 10 nodes
[10/73] app-events@1440: 10 nodes
[11/73] app-events-explorer@1440: 10 nodes
[12/73] app-events-matrix@1440: 10 nodes
[13/73] app-events-test-lab@1440: 10 nodes
[14/73] app-overview@1440: 10 nodes
[15/73] app-releases@1440: 10 nodes
[16/73] app-revenue-leaks@1440: 10 nodes
[17/73] app-settings@1440: 10 nodes
[18/73] app-team@1440: 17 nodes
[19/73] app-usage@1440: 10 nodes
[20/73] de-docs@1440: 18 nodes
[21/73] de-docs@375: 12 nodes
[22/73] de-feature-server-side-tracking@1440: 51 nodes
[23/73] de-feature-server-side-tracking@375: 46 nodes
[24/73] de-features@1440: 125 nodes
[25/73] de-features@375: 120 nodes
[26/73] de-home@1440: 33 nodes
[27/73] de-home@375: 25 nodes
[28/73] de-how-it-works@1440: 36 nodes
[29/73] de-how-it-works@375: 36 nodes
[30/73] de-integration-meta@1440: 15 nodes
[31/73] de-integration-meta@375: 15 nodes
[32/73] de-integrations@1440: 36 nodes
[33/73] de-integrations@375: 36 nodes
[34/73] de-knowledge-article-consent-mode-v2-guide@375: 11 nodes
[35/73] de-knowledge-hub@1440: 31 nodes
[36/73] de-knowledge-hub@375: 31 nodes
[37/73] de-login@1440: 28 nodes
[38/73] de-login@375: 8 nodes
[39/73] de-pricing@1440: 35 nodes
[40/73] de-pricing@375: 35 nodes
[41/73] de-privacy@1440: 4 nodes
[42/73] de-privacy@375: 4 nodes
[43/73] de-security@1440: 20 nodes
[44/73] de-security@375: 10 nodes
[45/73] de-signup@1440: 33 nodes
[46/73] de-signup@375: 13 nodes
[47/73] en-docs@1440: 18 nodes
[48/73] en-docs@375: 12 nodes
[49/73] en-feature-server-side-tracking@1440: 51 nodes
[50/73] en-feature-server-side-tracking@375: 46 nodes
[51/73] en-features@1440: 125 nodes
[52/73] en-features@375: 120 nodes
[53/73] en-home@1440: 32 nodes
[54/73] en-home@375: 24 nodes
[55/73] en-how-it-works@1440: 36 nodes
[56/73] en-how-it-works@375: 36 nodes
[57/73] en-integration-meta@1440: 15 nodes
[58/73] en-integration-meta@375: 15 nodes
[59/73] en-integrations@1440: 36 nodes
[60/73] en-integrations@375: 36 nodes
[61/73] en-knowledge-article-consent-mode-v2-guide@375: 10 nodes
[62/73] en-knowledge-hub@1440: 31 nodes
[63/73] en-knowledge-hub@375: 31 nodes
[64/73] en-login@1440: 28 nodes
[65/73] en-login@375: 8 nodes
[66/73] en-pricing@1440: 35 nodes
[67/73] en-pricing@375: 35 nodes
[68/73] en-privacy@1440: 4 nodes
[69/73] en-privacy@375: 4 nodes
[70/73] en-security@1440: 20 nodes
[71/73] en-security@375: 10 nodes
[72/73] en-signup@1440: 33 nodes
[73/73] en-signup@375: 13 nodes
wrote docs\qa\2026-09-05\followup\contrast\results-after.json (1935 evaluations)
exit=0
